C:/Users/Shu/Documents/GitHub/motor_set/src/foc/foc_math.c:20:14:foc_min3	32	static
C:/Users/Shu/Documents/GitHub/motor_set/src/foc/foc_math.c:27:14:foc_max3	32	static
C:/Users/Shu/Documents/GitHub/motor_set/src/foc/foc_math.c:34:7:foc_clamp	24	static
C:/Users/Shu/Documents/GitHub/motor_set/src/foc/foc_math.c:46:7:foc_wrap_0_2pi	24	static
C:/Users/Shu/Documents/GitHub/motor_set/src/foc/foc_math.c:56:7:foc_wrap_minuspi_pi	24	static
C:/Users/Shu/Documents/GitHub/motor_set/src/foc/foc_math.c:69:7:foc_electrical_angle	24	static
C:/Users/Shu/Documents/GitHub/motor_set/src/foc/foc_math.c:75:7:foc_electrical_angle_dir	32	static
C:/Users/Shu/Documents/GitHub/motor_set/src/foc/foc_math.c:89:7:normalize_0_2pi	16	static
C:/Users/Shu/Documents/GitHub/motor_set/src/foc/foc_math.c:94:7:normalize_minuspi_pi	16	static
C:/Users/Shu/Documents/GitHub/motor_set/src/foc/foc_math.c:99:6:foc_clarke	32	static
C:/Users/Shu/Documents/GitHub/motor_set/src/foc/foc_math.c:112:6:foc_park	40	static
C:/Users/Shu/Documents/GitHub/motor_set/src/foc/foc_math.c:126:6:foc_inv_park	40	static
C:/Users/Shu/Documents/GitHub/motor_set/src/foc/foc_math.c:139:6:foc_limit_voltage	40	static
C:/Users/Shu/Documents/GitHub/motor_set/src/foc/foc_math.c:156:6:foc_svpwm	56	static
C:/Users/Shu/Documents/GitHub/motor_set/src/foc/foc_math.c:182:7:foc_lpf	32	static
