Archive member included to satisfy reference by file (symbol)

D:/ST/STM32CubeIDE_2.1.1/STM32CubeIDE/plugins/com.st.stm32cube.ide.mcu.externaltools.gnu-tools-for-stm32.14.3.rel1.win32_1.0.100.202602081740/tools/bin/../lib/gcc/arm-none-eabi/14.3.1/../../../../arm-none-eabi/lib/thumb/v7e-m+fp/hard\libc_nano.a(libc_a-exit.o)
                              D:/ST/STM32CubeIDE_2.1.1/STM32CubeIDE/plugins/com.st.stm32cube.ide.mcu.externaltools.gnu-tools-for-stm32.14.3.rel1.win32_1.0.100.202602081740/tools/bin/../lib/gcc/arm-none-eabi/14.3.1/../../../../arm-none-eabi/lib/thumb/v7e-m+fp/hard/crt0.o (exit)
D:/ST/STM32CubeIDE_2.1.1/STM32CubeIDE/plugins/com.st.stm32cube.ide.mcu.externaltools.gnu-tools-for-stm32.14.3.rel1.win32_1.0.100.202602081740/tools/bin/../lib/gcc/arm-none-eabi/14.3.1/../../../../arm-none-eabi/lib/thumb/v7e-m+fp/hard\libc_nano.a(libc_a-strtod.o)
                              ./app/parameter_table.o (strtof)
D:/ST/STM32CubeIDE_2.1.1/STM32CubeIDE/plugins/com.st.stm32cube.ide.mcu.externaltools.gnu-tools-for-stm32.14.3.rel1.win32_1.0.100.202602081740/tools/bin/../lib/gcc/arm-none-eabi/14.3.1/../../../../arm-none-eabi/lib/thumb/v7e-m+fp/hard\libc_nano.a(libc_a-findfp.o)
                              D:/ST/STM32CubeIDE_2.1.1/STM32CubeIDE/plugins/com.st.stm32cube.ide.mcu.externaltools.gnu-tools-for-stm32.14.3.rel1.win32_1.0.100.202602081740/tools/bin/../lib/gcc/arm-none-eabi/14.3.1/../../../../arm-none-eabi/lib/thumb/v7e-m+fp/hard\libc_nano.a(libc_a-exit.o) (__stdio_exit_handler)
D:/ST/STM32CubeIDE_2.1.1/STM32CubeIDE/plugins/com.st.stm32cube.ide.mcu.externaltools.gnu-tools-for-stm32.14.3.rel1.win32_1.0.100.202602081740/tools/bin/../lib/gcc/arm-none-eabi/14.3.1/../../../../arm-none-eabi/lib/thumb/v7e-m+fp/hard\libc_nano.a(libc_a-fwalk.o)
                              D:/ST/STM32CubeIDE_2.1.1/STM32CubeIDE/plugins/com.st.stm32cube.ide.mcu.externaltools.gnu-tools-for-stm32.14.3.rel1.win32_1.0.100.202602081740/tools/bin/../lib/gcc/arm-none-eabi/14.3.1/../../../../arm-none-eabi/lib/thumb/v7e-m+fp/hard\libc_nano.a(libc_a-findfp.o) (_fwalk_sglue)
D:/ST/STM32CubeIDE_2.1.1/STM32CubeIDE/plugins/com.st.stm32cube.ide.mcu.externaltools.gnu-tools-for-stm32.14.3.rel1.win32_1.0.100.202602081740/tools/bin/../lib/gcc/arm-none-eabi/14.3.1/../../../../arm-none-eabi/lib/thumb/v7e-m+fp/hard\libc_nano.a(libc_a-snprintf.o)
                              ./Core/Src/main.o (snprintf)
D:/ST/STM32CubeIDE_2.1.1/STM32CubeIDE/plugins/com.st.stm32cube.ide.mcu.externaltools.gnu-tools-for-stm32.14.3.rel1.win32_1.0.100.202602081740/tools/bin/../lib/gcc/arm-none-eabi/14.3.1/../../../../arm-none-eabi/lib/thumb/v7e-m+fp/hard\libc_nano.a(libc_a-sscanf.o)
                              ./app/console.o (sscanf)
D:/ST/STM32CubeIDE_2.1.1/STM32CubeIDE/plugins/com.st.stm32cube.ide.mcu.externaltools.gnu-tools-for-stm32.14.3.rel1.win32_1.0.100.202602081740/tools/bin/../lib/gcc/arm-none-eabi/14.3.1/../../../../arm-none-eabi/lib/thumb/v7e-m+fp/hard\libc_nano.a(libc_a-stdio.o)
                              D:/ST/STM32CubeIDE_2.1.1/STM32CubeIDE/plugins/com.st.stm32cube.ide.mcu.externaltools.gnu-tools-for-stm32.14.3.rel1.win32_1.0.100.202602081740/tools/bin/../lib/gcc/arm-none-eabi/14.3.1/../../../../arm-none-eabi/lib/thumb/v7e-m+fp/hard\libc_nano.a(libc_a-findfp.o) (__sread)
D:/ST/STM32CubeIDE_2.1.1/STM32CubeIDE/plugins/com.st.stm32cube.ide.mcu.externaltools.gnu-tools-for-stm32.14.3.rel1.win32_1.0.100.202602081740/tools/bin/../lib/gcc/arm-none-eabi/14.3.1/../../../../arm-none-eabi/lib/thumb/v7e-m+fp/hard\libc_nano.a(libc_a-memset.o)
                              D:/ST/STM32CubeIDE_2.1.1/STM32CubeIDE/plugins/com.st.stm32cube.ide.mcu.externaltools.gnu-tools-for-stm32.14.3.rel1.win32_1.0.100.202602081740/tools/bin/../lib/gcc/arm-none-eabi/14.3.1/../../../../arm-none-eabi/lib/thumb/v7e-m+fp/hard/crt0.o (memset)
D:/ST/STM32CubeIDE_2.1.1/STM32CubeIDE/plugins/com.st.stm32cube.ide.mcu.externaltools.gnu-tools-for-stm32.14.3.rel1.win32_1.0.100.202602081740/tools/bin/../lib/gcc/arm-none-eabi/14.3.1/../../../../arm-none-eabi/lib/thumb/v7e-m+fp/hard\libc_nano.a(libc_a-strncmp.o)
                              D:/ST/STM32CubeIDE_2.1.1/STM32CubeIDE/plugins/com.st.stm32cube.ide.mcu.externaltools.gnu-tools-for-stm32.14.3.rel1.win32_1.0.100.202602081740/tools/bin/../lib/gcc/arm-none-eabi/14.3.1/../../../../arm-none-eabi/lib/thumb/v7e-m+fp/hard\libc_nano.a(libc_a-strtod.o) (strncmp)
D:/ST/STM32CubeIDE_2.1.1/STM32CubeIDE/plugins/com.st.stm32cube.ide.mcu.externaltools.gnu-tools-for-stm32.14.3.rel1.win32_1.0.100.202602081740/tools/bin/../lib/gcc/arm-none-eabi/14.3.1/../../../../arm-none-eabi/lib/thumb/v7e-m+fp/hard\libc_nano.a(libc_a-locale.o)
                              D:/ST/STM32CubeIDE_2.1.1/STM32CubeIDE/plugins/com.st.stm32cube.ide.mcu.externaltools.gnu-tools-for-stm32.14.3.rel1.win32_1.0.100.202602081740/tools/bin/../lib/gcc/arm-none-eabi/14.3.1/../../../../arm-none-eabi/lib/thumb/v7e-m+fp/hard\libc_nano.a(libc_a-strtod.o) (__global_locale)
[...]
Memory Configuration

Name             Origin             Length             Attributes
CCMRAM           0x10000000         0x00010000         xrw
RAM              0x20000000         0x00020000         xrw
FLASH            0x08000000         0x00100000         xr
*default*        0x00000000         0xffffffff

Linker script and memory map

LOAD D:/ST/STM32CubeIDE_2.1.1/STM32CubeIDE/plugins/com.st.stm32cube.ide.mcu.externaltools.gnu-tools-for-stm32.14.3.rel1.win32_1.0.100.202602081740/tools/bin/../lib/gcc/arm-none-eabi/14.3.1/thumb/v7e-m+fp/hard/crti.o
LOAD D:/ST/STM32CubeIDE_2.1.1/STM32CubeIDE/plugins/com.st.stm32cube.ide.mcu.externaltools.gnu-tools-for-stm32.14.3.rel1.win32_1.0.100.202602081740/tools/bin/../lib/gcc/arm-none-eabi/14.3.1/thumb/v7e-m+fp/hard/crtbegin.o
LOAD D:/ST/STM32CubeIDE_2.1.1/STM32CubeIDE/plugins/com.st.stm32cube.ide.mcu.externaltools.gnu-tools-for-stm32.14.3.rel1.win32_1.0.100.202602081740/tools/bin/../lib/gcc/arm-none-eabi/14.3.1/../../../../arm-none-eabi/lib/thumb/v7e-m+fp/hard/crt0.o
LOAD ./Core/Src/adc.o
LOAD ./Core/Src/gpio.o
LOAD ./Core/Src/main.o
LOAD ./Core/Src/spi.o
LOAD ./Core/Src/stm32f4xx_hal_msp.o
LOAD ./Core/Src/stm32f4xx_it.o
LOAD ./Core/Src/syscalls.o
LOAD ./Core/Src/sysmem.o
LOAD ./Core/Src/system_stm32f4xx.o
LOAD ./Core/Src/tim.o
LOAD ./Core/Src/usart.o
LOAD ./Core/Startup/startup_stm32f405rgtx.o
LOAD ./Drivers/STM32F4xx_HAL_Driver/Src/stm32f4xx_hal.o
LOAD ./Drivers/STM32F4xx_HAL_Driver/Src/stm32f4xx_hal_adc.o
LOAD ./Drivers/STM32F4xx_HAL_Driver/Src/stm32f4xx_hal_adc_ex.o
LOAD ./Drivers/STM32F4xx_HAL_Driver/Src/stm32f4xx_hal_cortex.o
LOAD ./Drivers/STM32F4xx_HAL_Driver/Src/stm32f4xx_hal_dma.o
LOAD ./Drivers/STM32F4xx_HAL_Driver/Src/stm32f4xx_hal_dma_ex.o
LOAD ./Drivers/STM32F4xx_HAL_Driver/Src/stm32f4xx_hal_exti.o
LOAD ./Drivers/STM32F4xx_HAL_Driver/Src/stm32f4xx_hal_flash.o
LOAD ./Drivers/STM32F4xx_HAL_Driver/Src/stm32f4xx_hal_flash_ex.o
LOAD ./Drivers/STM32F4xx_HAL_Driver/Src/stm32f4xx_hal_flash_ramfunc.o
LOAD ./Drivers/STM32F4xx_HAL_Driver/Src/stm32f4xx_hal_gpio.o
LOAD ./Drivers/STM32F4xx_HAL_Driver/Src/stm32f4xx_hal_pwr.o
LOAD ./Drivers/STM32F4xx_HAL_Driver/Src/stm32f4xx_hal_pwr_ex.o
LOAD ./Drivers/STM32F4xx_HAL_Driver/Src/stm32f4xx_hal_rcc.o
LOAD ./Drivers/STM32F4xx_HAL_Driver/Src/stm32f4xx_hal_rcc_ex.o
LOAD ./Drivers/STM32F4xx_HAL_Driver/Src/stm32f4xx_hal_spi.o
LOAD ./Drivers/STM32F4xx_HAL_Driver/Src/stm32f4xx_hal_tim.o
LOAD ./Drivers/STM32F4xx_HAL_Driver/Src/stm32f4xx_hal_tim_ex.o
LOAD ./Drivers/STM32F4xx_HAL_Driver/Src/stm32f4xx_hal_uart.o
LOAD ./app/axis0_current_loop_isr.o
LOAD ./app/axis0_default_config.o
LOAD ./app/axis_state_machine.o
LOAD ./app/calibration.o
LOAD ./app/console.o
LOAD ./app/parameter_table.o
LOAD ./board/board_odrive_v36.o
LOAD ./control/control_task.o
LOAD ./control/current_controller.o
LOAD ./control/current_loop_isr.o
LOAD ./control/position_controller.o
LOAD ./control/velocity_controller.o
LOAD ./foc/foc_math.o
LOAD ./foc/svpwm.o
LOAD ./hal_stm32f405/hal_adc_stm32f405.o
LOAD ./hal_stm32f405/hal_encoder_stm32f405.o
LOAD ./hal_stm32f405/hal_gpio_stm32f405.o
LOAD ./hal_stm32f405/hal_pwm_stm32f405.o
LOAD ./hal_stm32f405/hal_spi_stm32f405.o
LOAD ./motor_drivers/current_sensor.o
LOAD ./motor_drivers/drv8301.o
LOAD ./motor_drivers/encoder_mt6701_abz.o
LOAD ./protection/fault.o
LOAD ./protection/protection.o
START GROUP
LOAD D:/ST/STM32CubeIDE_2.1.1/STM32CubeIDE/plugins/com.st.stm32cube.ide.mcu.externaltools.gnu-tools-for-stm32.14.3.rel1.win32_1.0.100.202602081740/tools/bin/../lib/gcc/arm-none-eabi/14.3.1/../../../../arm-none-eabi/lib/thumb/v7e-m+fp/hard\libc_nano.a
LOAD D:/ST/STM32CubeIDE_2.1.1/STM32CubeIDE/plugins/com.st.stm32cube.ide.mcu.externaltools.gnu-tools-for-stm32.14.3.rel1.win32_1.0.100.202602081740/tools/bin/../lib/gcc/arm-none-eabi/14.3.1/../../../../arm-none-eabi/lib/thumb/v7e-m+fp/hard\libm.a
END GROUP
START GROUP
LOAD D:/ST/STM32CubeIDE_2.1.1/STM32CubeIDE/plugins/com.st.stm32cube.ide.mcu.externaltools.gnu-tools-for-stm32.14.3.rel1.win32_1.0.100.202602081740/tools/bin/../lib/gcc/arm-none-eabi/14.3.1/thumb/v7e-m+fp/hard\libgcc.a
LOAD D:/ST/STM32CubeIDE_2.1.1/STM32CubeIDE/plugins/com.st.stm32cube.ide.mcu.externaltools.gnu-tools-for-stm32.14.3.rel1.win32_1.0.100.202602081740/tools/bin/../lib/gcc/arm-none-eabi/14.3.1/../../../../arm-none-eabi/lib/thumb/v7e-m+fp/hard\libc_nano.a
END GROUP
START GROUP
LOAD D:/ST/STM32CubeIDE_2.1.1/STM32CubeIDE/plugins/com.st.stm32cube.ide.mcu.externaltools.gnu-tools-for-stm32.14.3.rel1.win32_1.0.100.202602081740/tools/bin/../lib/gcc/arm-none-eabi/14.3.1/thumb/v7e-m+fp/hard\libgcc.a
LOAD D:/ST/STM32CubeIDE_2.1.1/STM32CubeIDE/plugins/com.st.stm32cube.ide.mcu.externaltools.gnu-tools-for-stm32.14.3.rel1.win32_1.0.100.202602081740/tools/bin/../lib/gcc/arm-none-eabi/14.3.1/../../../../arm-none-eabi/lib/thumb/v7e-m+fp/hard\libc_nano.a
LOAD D:/ST/STM32CubeIDE_2.1.1/STM32CubeIDE/plugins/com.st.stm32cube.ide.mcu.externaltools.gnu-tools-for-stm32.14.3.rel1.win32_1.0.100.202602081740/tools/bin/../lib/gcc/arm-none-eabi/14.3.1/../../../../arm-none-eabi/lib/thumb/v7e-m+fp/hard\libnosys.a
END GROUP
START GROUP
LOAD D:/ST/STM32CubeIDE_2.1.1/STM32CubeIDE/plugins/com.st.stm32cube.ide.mcu.externaltools.gnu-tools-for-stm32.14.3.rel1.win32_1.0.100.202602081740/tools/bin/../lib/gcc/arm-none-eabi/14.3.1/thumb/v7e-m+fp/hard\libgcc.a
LOAD D:/ST/STM32CubeIDE_2.1.1/STM32CubeIDE/plugins/com.st.stm32cube.ide.mcu.externaltools.gnu-tools-for-stm32.14.3.rel1.win32_1.0.100.202602081740/tools/bin/../lib/gcc/arm-none-eabi/14.3.1/../../../../arm-none-eabi/lib/thumb/v7e-m+fp/hard\libc_nano.a
LOAD D:/ST/STM32CubeIDE_2.1.1/STM32CubeIDE/plugins/com.st.stm32cube.ide.mcu.externaltools.gnu-tools-for-stm32.14.3.rel1.win32_1.0.100.202602081740/tools/bin/../lib/gcc/arm-none-eabi/14.3.1/../../../../arm-none-eabi/lib/thumb/v7e-m+fp/hard\libnosys.a
END GROUP
LOAD D:/ST/STM32CubeIDE_2.1.1/STM32CubeIDE/plugins/com.st.stm32cube.ide.mcu.externaltools.gnu-tools-for-stm32.14.3.rel1.win32_1.0.100.202602081740/tools/bin/../lib/gcc/arm-none-eabi/14.3.1/thumb/v7e-m+fp/hard/crtend.o
LOAD D:/ST/STM32CubeIDE_2.1.1/STM32CubeIDE/plugins/com.st.stm32cube.ide.mcu.externaltools.gnu-tools-for-stm32.14.3.rel1.win32_1.0.100.202602081740/tools/bin/../lib/gcc/arm-none-eabi/14.3.1/thumb/v7e-m+fp/hard/crtn.o
                0x20020000                        _estack = (ORIGIN (RAM) + LENGTH (RAM))
                0x00000200                        _Min_Heap_Size = 0x200
                0x00000400                        _Min_Stack_Size = 0x400

.isr_vector     0x08000000      0x188
                0x08000000                        . = ALIGN (0x4)
 *(.isr_vector)
 .isr_vector    0x08000000      0x188 ./Core/Startup/startup_stm32f405rgtx.o
                0x08000000                g_pfnVectors
                0x08000188                        . = ALIGN (0x4)

.text           0x08000190     0x59a8
                0x08000190                        . = ALIGN (0x4)
 *(.text)
 .text          0x08000190       0x40 D:/ST/STM32CubeIDE_2.1.1/STM32CubeIDE/plugins/com.st.stm32cube.ide.mcu.externaltools.gnu-tools-for-stm32.14.3.rel1.win32_1.0.100.202602081740/tools/bin/../lib/gcc/arm-none-eabi/14.3.1/thumb/v7e-m+fp/hard/crtbegin.o
 .text          0x080001d0       0x10 D:/ST/STM32CubeIDE_2.1.1/STM32CubeIDE/plugins/com.st.stm32cube.ide.mcu.externaltools.gnu-tools-for-stm32.14.3.rel1.win32_1.0.100.202602081740/tools/bin/../lib/gcc/arm-none-eabi/14.3.1/../../../../arm-none-eabi/lib/thumb/v7e-m+fp/hard\libc_nano.a(libc_a-strlen.o)
                0x080001d0                strlen
 .text          0x080001e0       0xa0 D:/ST/STM32CubeIDE_2.1.1/STM32CubeIDE/plugins/com.st.stm32cube.ide.mcu.externaltools.gnu-tools-for-stm32.14.3.rel1.win32_1.0.100.202602081740/tools/bin/../lib/gcc/arm-none-eabi/14.3.1/../../../../arm-none-eabi/lib/thumb/v7e-m+fp/hard\libc_nano.a(libc_a-memchr.o)
                0x080001e0                memchr
 .text          0x08000280       0x30 D:/ST/STM32CubeIDE_2.1.1/STM32CubeIDE/plugins/com.st.stm32cube.ide.mcu.externaltools.gnu-tools-for-stm32.14.3.rel1.win32_1.0.100.202602081740/tools/bin/../lib/gcc/arm-none-eabi/14.3.1/thumb/v7e-m+fp/hard\libgcc.a(_aeabi_uldivmod.o)
                0x08000280                __aeabi_uldivmod
 .text          0x080002b0      0x2f8 D:/ST/STM32CubeIDE_2.1.1/STM32CubeIDE/plugins/com.st.stm32cube.ide.mcu.externaltools.gnu-tools-for-stm32.14.3.rel1.win32_1.0.100.202602081740/tools/bin/../lib/gcc/arm-none-eabi/14.3.1/thumb/v7e-m+fp/hard\libgcc.a(_udivmoddi4.o)
                0x080002b0                __udivmoddi4
 .text          0x080005a8        0x4 D:/ST/STM32CubeIDE_2.1.1/STM32CubeIDE/plugins/com.st.stm32cube.ide.mcu.externaltools.gnu-tools-for-stm32.14.3.rel1.win32_1.0.100.202602081740/tools/bin/../lib/gcc/arm-none-eabi/14.3.1/thumb/v7e-m+fp/hard\libgcc.a(_dvmd_tls.o)
                0x080005a8                __aeabi_idiv0
                0x080005a8                __aeabi_ldiv0
 *(.text*)
 .text.MX_ADC1_Init
                0x080005ac      0x10c ./Core/Src/adc.o
                0x080005ac                MX_ADC1_Init
 .text.MX_ADC2_Init
                0x080006b8      0x10c ./Core/Src/adc.o
                0x080006b8                MX_ADC2_Init
 .text.HAL_ADC_MspInit
                0x080007c4      0x140 ./Core/Src/adc.o
                0x080007c4                HAL_ADC_MspInit
 .text.MX_GPIO_Init
                0x08000904      0x128 ./Core/Src/gpio.o
                0x08000904                MX_GPIO_Init
 .text.uart2_write
                0x08000a2c       0x3c ./Core/Src/main.o
 .text.uart2_printf_line
                0x08000a68       0x20 ./Core/Src/main.o
 .text.axis0_context_init_minimal
                0x08000a88       0x68 ./Core/Src/main.o
 .text.print_bringup_status
                0x08000af0       0xc8 ./Core/Src/main.o
 .text.main     0x08000bb8       0xa4 ./Core/Src/main.o
                0x08000bb8                main
 .text.SystemClock_Config
                0x08000c5c       0xd4 ./Core/Src/main.o
                0x08000c5c                SystemClock_Config
 .text.HAL_ADCEx_InjectedConvCpltCallback
                0x08000d30       0x24 ./Core/Src/main.o
                0x08000d30                HAL_ADCEx_InjectedConvCpltCallback
 .text.Error_Handler
                0x08000d54        0xc ./Core/Src/main.o
                0x08000d54                Error_Handler
 .text.MX_SPI3_Init
                0x08000d60       0x70 ./Core/Src/spi.o
                0x08000d60                MX_SPI3_Init
 .text.HAL_SPI_MspInit
                0x08000dd0       0x90 ./Core/Src/spi.o
                0x08000dd0                HAL_SPI_MspInit
 .text.HAL_MspInit
                0x08000e60       0x50 ./Core/Src/stm32f4xx_hal_msp.o
                0x08000e60                HAL_MspInit
 .text.NMI_Handler
                0x08000eb0        0x8 ./Core/Src/stm32f4xx_it.o
                0x08000eb0                NMI_Handler
 .text.HardFault_Handler
                0x08000eb8        0x8 ./Core/Src/stm32f4xx_it.o
                0x08000eb8                HardFault_Handler
 .text.MemManage_Handler
                0x08000ec0        0x8 ./Core/Src/stm32f4xx_it.o
                0x08000ec0                MemManage_Handler
 .text.BusFault_Handler
                0x08000ec8        0x8 ./Core/Src/stm32f4xx_it.o
                0x08000ec8                BusFault_Handler
 .text.UsageFault_Handler
                0x08000ed0        0x8 ./Core/Src/stm32f4xx_it.o
                0x08000ed0                UsageFault_Handler
 .text.SVC_Handler
                0x08000ed8        0xe ./Core/Src/stm32f4xx_it.o
                0x08000ed8                SVC_Handler
 .text.DebugMon_Handler
                0x08000ee6        0xe ./Core/Src/stm32f4xx_it.o
                0x08000ee6                DebugMon_Handler
 .text.PendSV_Handler
                0x08000ef4        0xe ./Core/Src/stm32f4xx_it.o
                0x08000ef4                PendSV_Handler
 .text.SysTick_Handler
                0x08000f02        0xc ./Core/Src/stm32f4xx_it.o
                0x08000f02                SysTick_Handler
 *fill*         0x08000f0e        0x2 
 .text.ADC_IRQHandler
                0x08000f10       0x1c ./Core/Src/stm32f4xx_it.o
                0x08000f10                ADC_IRQHandler
 .text._sbrk    0x08000f2c       0x6c ./Core/Src/sysmem.o
                0x08000f2c                _sbrk
 .text.SystemInit
                0x08000f98       0x24 ./Core/Src/system_stm32f4xx.o
                0x08000f98                SystemInit
 .text.MX_TIM1_Init
                0x08000fbc      0x1a0 ./Core/Src/tim.o
                0x08000fbc                MX_TIM1_Init
 .text.MX_TIM3_Init
                0x0800115c       0xa8 ./Core/Src/tim.o
                0x0800115c                MX_TIM3_Init
 .text.HAL_TIM_Base_MspInit
                0x08001204       0x44 ./Core/Src/tim.o
                0x08001204                HAL_TIM_Base_MspInit
 .text.HAL_TIM_Encoder_MspInit
                0x08001248       0x90 ./Core/Src/tim.o
                0x08001248                HAL_TIM_Encoder_MspInit
 .text.HAL_TIM_MspPostInit
                0x080012d8       0xb8 ./Core/Src/tim.o
                0x080012d8                HAL_TIM_MspPostInit
 .text.MX_USART2_UART_Init
                0x08001390       0x54 ./Core/Src/usart.o
                0x08001390                MX_USART2_UART_Init
 .text.HAL_UART_MspInit
                0x080013e4       0x90 ./Core/Src/usart.o
                0x080013e4                HAL_UART_MspInit
 .text.Reset_Handler
                0x08001474       0x50 ./Core/Startup/startup_stm32f405rgtx.o
                0x08001474                Reset_Handler
 .text.Default_Handler
                0x080014c4        0x2 ./Core/Startup/startup_stm32f405rgtx.o
                0x080014c4                RTC_Alarm_IRQHandler
                0x080014c4                HASH_RNG_IRQHandler
                0x080014c4                EXTI2_IRQHandler
                0x080014c4                TIM8_CC_IRQHandler
                0x080014c4                TIM1_CC_IRQHandler
                0x080014c4                DMA2_Stream5_IRQHandler
                0x080014c4                DMA1_Stream5_IRQHandler
                0x080014c4                PVD_IRQHandler
                0x080014c4                SDIO_IRQHandler
                0x080014c4                TAMP_STAMP_IRQHandler
                0x080014c4                CAN2_RX1_IRQHandler
                0x080014c4                EXTI3_IRQHandler
                0x080014c4                TIM8_TRG_COM_TIM14_IRQHandler
                0x080014c4                TIM1_UP_TIM10_IRQHandler
                0x080014c4                TIM8_UP_TIM13_IRQHandler
                0x080014c4                I2C3_ER_IRQHandler
                0x080014c4                EXTI0_IRQHandler
                0x080014c4                I2C2_EV_IRQHandler
                0x080014c4                DMA1_Stream2_IRQHandler
                0x080014c4                CAN1_RX0_IRQHandler
                0x080014c4                FPU_IRQHandler
                0x080014c4                OTG_HS_WKUP_IRQHandler
                0x080014c4                CAN2_SCE_IRQHandler
                0x080014c4                DMA2_Stream2_IRQHandler
                0x080014c4                SPI1_IRQHandler
                0x080014c4                TIM6_DAC_IRQHandler
                0x080014c4                TIM1_BRK_TIM9_IRQHandler
                0x080014c4                CAN2_RX0_IRQHandler
                0x080014c4                DMA2_Stream3_IRQHandler
                0x080014c4                USART6_IRQHandler
                0x080014c4                USART3_IRQHandler
                0x080014c4                CAN1_RX1_IRQHandler
                0x080014c4                UART5_IRQHandler
                0x080014c4                DMA2_Stream0_IRQHandler
                0x080014c4                TIM4_IRQHandler
                0x080014c4                I2C1_EV_IRQHandler
                0x080014c4                DMA1_Stream6_IRQHandler
                0x080014c4                DMA1_Stream1_IRQHandler
                0x080014c4                UART4_IRQHandler
                0x080014c4                TIM3_IRQHandler
                0x080014c4                RCC_IRQHandler
                0x080014c4                TIM8_BRK_TIM12_IRQHandler
                0x080014c4                Default_Handler
                0x080014c4                EXTI15_10_IRQHandler
                0x080014c4                DMA1_Stream7_IRQHandler
                0x080014c4                TIM7_IRQHandler
                0x080014c4                CAN2_TX_IRQHandler
                0x080014c4                TIM5_IRQHandler
                0x080014c4                DMA2_Stream7_IRQHandler
                0x080014c4                I2C3_EV_IRQHandler
                0x080014c4                EXTI9_5_IRQHandler
                0x080014c4                RTC_WKUP_IRQHandler
                0x080014c4                SPI2_IRQHandler
                0x080014c4                OTG_HS_EP1_IN_IRQHandler
                0x080014c4                DMA1_Stream0_IRQHandler
                0x080014c4                CAN1_TX_IRQHandler
                0x080014c4                EXTI4_IRQHandler
                0x080014c4                FSMC_IRQHandler
                0x080014c4                OTG_HS_EP1_OUT_IRQHandler
                0x080014c4                WWDG_IRQHandler
                0x080014c4                TIM2_IRQHandler
                0x080014c4                OTG_FS_WKUP_IRQHandler
                0x080014c4                TIM1_TRG_COM_TIM11_IRQHandler
                0x080014c4                OTG_HS_IRQHandler
                0x080014c4                EXTI1_IRQHandler
                0x080014c4                USART2_IRQHandler
                0x080014c4                I2C2_ER_IRQHandler
                0x080014c4                DMA2_Stream1_IRQHandler
                0x080014c4                CAN1_SCE_IRQHandler
                0x080014c4                FLASH_IRQHandler
                0x080014c4                DMA2_Stream4_IRQHandler
                0x080014c4                USART1_IRQHandler
                0x080014c4                OTG_FS_IRQHandler
                0x080014c4                SPI3_IRQHandler
                0x080014c4                DMA1_Stream4_IRQHandler
                0x080014c4                I2C1_ER_IRQHandler
                0x080014c4                DMA2_Stream6_IRQHandler
                0x080014c4                DMA1_Stream3_IRQHandler
 *fill*         0x080014c6        0x2 
 .text.HAL_Init
                0x080014c8       0x44 ./Drivers/STM32F4xx_HAL_Driver/Src/stm32f4xx_hal.o
                0x080014c8                HAL_Init
 .text.HAL_InitTick
                0x0800150c       0x60 ./Drivers/STM32F4xx_HAL_Driver/Src/stm32f4xx_hal.o
                0x0800150c                HAL_InitTick
 .text.HAL_IncTick
                0x0800156c       0x28 ./Drivers/STM32F4xx_HAL_Driver/Src/stm32f4xx_hal.o
                0x0800156c                HAL_IncTick
 .text.HAL_GetTick
                0x08001594       0x18 ./Drivers/STM32F4xx_HAL_Driver/Src/stm32f4xx_hal.o
                0x08001594                HAL_GetTick
 .text.HAL_ADC_Init
                0x080015ac       0x86 ./Drivers/STM32F4xx_HAL_Driver/Src/stm32f4xx_hal_adc.o
                0x080015ac                HAL_ADC_Init
 .text.HAL_ADC_IRQHandler
                0x08001632      0x220 ./Drivers/STM32F4xx_HAL_Driver/Src/stm32f4xx_hal_adc.o
                0x08001632                HAL_ADC_IRQHandler
 .text.HAL_ADC_ConvCpltCallback
                0x08001852       0x14 ./Drivers/STM32F4xx_HAL_Driver/Src/stm32f4xx_hal_adc.o
                0x08001852                HAL_ADC_ConvCpltCallback
 .text.HAL_ADC_LevelOutOfWindowCallback
                0x08001866       0x14 ./Drivers/STM32F4xx_HAL_Driver/Src/stm32f4xx_hal_adc.o
                0x08001866                HAL_ADC_LevelOutOfWindowCallback
 .text.HAL_ADC_ErrorCallback
                0x0800187a       0x14 ./Drivers/STM32F4xx_HAL_Driver/Src/stm32f4xx_hal_adc.o
                0x0800187a                HAL_ADC_ErrorCallback
 *fill*         0x0800188e        0x2 
 .text.HAL_ADC_ConfigChannel
                0x08001890      0x244 ./Drivers/STM32F4xx_HAL_Driver/Src/stm32f4xx_hal_adc.o
                0x08001890                HAL_ADC_ConfigChannel
 .text.ADC_Init
                0x08001ad4      0x1f8 ./Drivers/STM32F4xx_HAL_Driver/Src/stm32f4xx_hal_adc.o
 .text.HAL_ADCEx_InjectedStart_IT
                0x08001ccc      0x1a4 ./Drivers/STM32F4xx_HAL_Driver/Src/stm32f4xx_hal_adc_ex.o
                0x08001ccc                HAL_ADCEx_InjectedStart_IT
 .text.HAL_ADCEx_InjectedGetValue
                0x08001e70       0x70 ./Drivers/STM32F4xx_HAL_Driver/Src/stm32f4xx_hal_adc_ex.o
                0x08001e70                HAL_ADCEx_InjectedGetValue
 .text.HAL_ADCEx_InjectedConfigChannel
                0x08001ee0      0x32c ./Drivers/STM32F4xx_HAL_Driver/Src/stm32f4xx_hal_adc_ex.o
                0x08001ee0                HAL_ADCEx_InjectedConfigChannel
 .text.__NVIC_SetPriorityGrouping
                0x0800220c       0x48 ./Drivers/STM32F4xx_HAL_Driver/Src/stm32f4xx_hal_cortex.o
 .text.__NVIC_GetPriorityGrouping
                0x08002254       0x1c ./Drivers/STM32F4xx_HAL_Driver/Src/stm32f4xx_hal_cortex.o
 .text.__NVIC_EnableIRQ
                0x08002270       0x3c ./Drivers/STM32F4xx_HAL_Driver/Src/stm32f4xx_hal_cortex.o
 .text.__NVIC_SetPriority
                0x080022ac       0x54 ./Drivers/STM32F4xx_HAL_Driver/Src/stm32f4xx_hal_cortex.o
 .text.NVIC_EncodePriority
                0x08002300       0x66 ./Drivers/STM32F4xx_HAL_Driver/Src/stm32f4xx_hal_cortex.o
 *fill*         0x08002366        0x2 
 .text.SysTick_Config
                0x08002368       0x44 ./Drivers/STM32F4xx_HAL_Driver/Src/stm32f4xx_hal_cortex.o
 .text.HAL_NVIC_SetPriorityGrouping
                0x080023ac       0x16 ./Drivers/STM32F4xx_HAL_Driver/Src/stm32f4xx_hal_cortex.o
                0x080023ac                HAL_NVIC_SetPriorityGrouping
 .text.HAL_NVIC_SetPriority
                0x080023c2       0x38 ./Drivers/STM32F4xx_HAL_Driver/Src/stm32f4xx_hal_cortex.o
                0x080023c2                HAL_NVIC_SetPriority
 .text.HAL_NVIC_EnableIRQ
                0x080023fa       0x1c ./Drivers/STM32F4xx_HAL_Driver/Src/stm32f4xx_hal_cortex.o
                0x080023fa                HAL_NVIC_EnableIRQ
 .text.HAL_SYSTICK_Config
                0x08002416       0x18 ./Drivers/STM32F4xx_HAL_Driver/Src/stm32f4xx_hal_cortex.o
                0x08002416                HAL_SYSTICK_Config
 *fill*         0x0800242e        0x2 
 .text.HAL_GPIO_Init
                0x08002430      0x338 ./Drivers/STM32F4xx_HAL_Driver/Src/stm32f4xx_hal_gpio.o
                0x08002430                HAL_GPIO_Init
 .text.HAL_GPIO_ReadPin
                0x08002768       0x30 ./Drivers/STM32F4xx_HAL_Driver/Src/stm32f4xx_hal_gpio.o
                0x08002768                HAL_GPIO_ReadPin
 .text.HAL_GPIO_WritePin
                0x08002798       0x32 ./Drivers/STM32F4xx_HAL_Driver/Src/stm32f4xx_hal_gpio.o
                0x08002798                HAL_GPIO_WritePin
 *fill*         0x080027ca        0x2 
 .text.HAL_RCC_OscConfig
                0x080027cc      0x4f0 ./Drivers/STM32F4xx_HAL_Driver/Src/stm32f4xx_hal_rcc.o
                0x080027cc                HAL_RCC_OscConfig
 .text.HAL_RCC_ClockConfig
                0x08002cbc      0x1cc ./Drivers/STM32F4xx_HAL_Driver/Src/stm32f4xx_hal_rcc.o
                0x08002cbc                HAL_RCC_ClockConfig
 .text.HAL_RCC_GetSysClockFreq
                0x08002e88      0x188 ./Drivers/STM32F4xx_HAL_Driver/Src/stm32f4xx_hal_rcc.o
                0x08002e88                HAL_RCC_GetSysClockFreq
 .text.HAL_RCC_GetHCLKFreq
                0x08003010       0x18 ./Drivers/STM32F4xx_HAL_Driver/Src/stm32f4xx_hal_rcc.o
                0x08003010                HAL_RCC_GetHCLKFreq
 .text.HAL_RCC_GetPCLK1Freq
                0x08003028       0x28 ./Drivers/STM32F4xx_HAL_Driver/Src/stm32f4xx_hal_rcc.o
                0x08003028                HAL_RCC_GetPCLK1Freq
 .text.HAL_RCC_GetPCLK2Freq
                0x08003050       0x28 ./Drivers/STM32F4xx_HAL_Driver/Src/stm32f4xx_hal_rcc.o
                0x08003050                HAL_RCC_GetPCLK2Freq
 .text.HAL_SPI_Init
                0x08003078      0x112 ./Drivers/STM32F4xx_HAL_Driver/Src/stm32f4xx_hal_spi.o
                0x08003078                HAL_SPI_Init
 .text.HAL_TIM_Base_Init
                0x0800318a       0x9e ./Drivers/STM32F4xx_HAL_Driver/Src/stm32f4xx_hal_tim.o
                0x0800318a                HAL_TIM_Base_Init
 .text.HAL_TIM_Base_Start
                0x08003228       0xd0 ./Drivers/STM32F4xx_HAL_Driver/Src/stm32f4xx_hal_tim.o
                0x08003228                HAL_TIM_Base_Start
 .text.HAL_TIM_OC_Init
                0x080032f8       0x9e ./Drivers/STM32F4xx_HAL_Driver/Src/stm32f4xx_hal_tim.o
                0x080032f8                HAL_TIM_OC_Init
 .text.HAL_TIM_OC_MspInit
                0x08003396       0x14 ./Drivers/STM32F4xx_HAL_Driver/Src/stm32f4xx_hal_tim.o
                0x08003396                HAL_TIM_OC_MspInit
 *fill*         0x080033aa        0x2 
 .text.HAL_TIM_OC_Start
                0x080033ac      0x190 ./Drivers/STM32F4xx_HAL_Driver/Src/stm32f4xx_hal_tim.o
                0x080033ac                HAL_TIM_OC_Start
 .text.HAL_TIM_PWM_Init
                0x0800353c       0x9e ./Drivers/STM32F4xx_HAL_Driver/Src/stm32f4xx_hal_tim.o
                0x0800353c                HAL_TIM_PWM_Init
 .text.HAL_TIM_PWM_MspInit
                0x080035da       0x14 ./Drivers/STM32F4xx_HAL_Driver/Src/stm32f4xx_hal_tim.o
                0x080035da                HAL_TIM_PWM_MspInit
 .text.HAL_TIM_Encoder_Init
                0x080035ee      0x14c ./Drivers/STM32F4xx_HAL_Driver/Src/stm32f4xx_hal_tim.o
                0x080035ee                HAL_TIM_Encoder_Init
 .text.HAL_TIM_Encoder_Start
                0x0800373a      0x11c ./Drivers/STM32F4xx_HAL_Driver/Src/stm32f4xx_hal_tim.o
                0x0800373a                HAL_TIM_Encoder_Start
 *fill*         0x08003856        0x2 
 .text.HAL_TIM_OC_ConfigChannel
                0x08003858       0xb8 ./Drivers/STM32F4xx_HAL_Driver/Src/stm32f4xx_hal_tim.o
                0x08003858                HAL_TIM_OC_ConfigChannel
 .text.HAL_TIM_PWM_ConfigChannel
                0x08003910      0x184 ./Drivers/STM32F4xx_HAL_Driver/Src/stm32f4xx_hal_tim.o
                0x08003910                HAL_TIM_PWM_ConfigChannel
 .text.HAL_TIM_ConfigClockSource
                0x08003a94      0x18e ./Drivers/STM32F4xx_HAL_Driver/Src/stm32f4xx_hal_tim.o
                0x08003a94                HAL_TIM_ConfigClockSource
 *fill*         0x08003c22        0x2 
 .text.TIM_Base_SetConfig
                0x08003c24      0x14c ./Drivers/STM32F4xx_HAL_Driver/Src/stm32f4xx_hal_tim.o
                0x08003c24                TIM_Base_SetConfig
 .text.TIM_OC1_SetConfig
                0x08003d70       0xe0 ./Drivers/STM32F4xx_HAL_Driver/Src/stm32f4xx_hal_tim.o
 .text.TIM_OC2_SetConfig
                0x08003e50       0xec ./Drivers/STM32F4xx_HAL_Driver/Src/stm32f4xx_hal_tim.o
                0x08003e50                TIM_OC2_SetConfig
 .text.TIM_OC3_SetConfig
                0x08003f3c       0xe8 ./Drivers/STM32F4xx_HAL_Driver/Src/stm32f4xx_hal_tim.o
 .text.TIM_OC4_SetConfig
                0x08004024       0xac ./Drivers/STM32F4xx_HAL_Driver/Src/stm32f4xx_hal_tim.o
 .text.TIM_TI1_ConfigInputStage
                0x080040d0       0x5e ./Drivers/STM32F4xx_HAL_Driver/Src/stm32f4xx_hal_tim.o
 .text.TIM_TI2_ConfigInputStage
                0x0800412e       0x60 ./Drivers/STM32F4xx_HAL_Driver/Src/stm32f4xx_hal_tim.o
 .text.TIM_ITRx_SetConfig
                0x0800418e       0x36 ./Drivers/STM32F4xx_HAL_Driver/Src/stm32f4xx_hal_tim.o
 .text.TIM_ETR_SetConfig
                0x080041c4       0x40 ./Drivers/STM32F4xx_HAL_Driver/Src/stm32f4xx_hal_tim.o
                0x080041c4                TIM_ETR_SetConfig
 .text.TIM_CCxChannelCmd
                0x08004204       0x4a ./Drivers/STM32F4xx_HAL_Driver/Src/stm32f4xx_hal_tim.o
                0x08004204                TIM_CCxChannelCmd
 *fill*         0x0800424e        0x2 
 .text.HAL_TIMEx_MasterConfigSynchronization
                0x08004250       0xf8 ./Drivers/STM32F4xx_HAL_Driver/Src/stm32f4xx_hal_tim_ex.o
                0x08004250                HAL_TIMEx_MasterConfigSynchronization
 .text.HAL_TIMEx_ConfigBreakDeadTime
                0x08004348       0xa4 ./Drivers/STM32F4xx_HAL_Driver/Src/stm32f4xx_hal_tim_ex.o
                0x08004348                HAL_TIMEx_ConfigBreakDeadTime
 .text.HAL_UART_Init
                0x080043ec       0xa0 ./Drivers/STM32F4xx_HAL_Driver/Src/stm32f4xx_hal_uart.o
                0x080043ec                HAL_UART_Init
 .text.HAL_UART_Transmit
                0x0800448c      0x116 ./Drivers/STM32F4xx_HAL_Driver/Src/stm32f4xx_hal_uart.o
                0x0800448c                HAL_UART_Transmit
 .text.UART_WaitOnFlagUntilTimeout
                0x080045a2       0xb2 ./Drivers/STM32F4xx_HAL_Driver/Src/stm32f4xx_hal_uart.o
 .text.UART_EndRxTransfer
                0x08004654       0xc6 ./Drivers/STM32F4xx_HAL_Driver/Src/stm32f4xx_hal_uart.o
 *fill*         0x0800471a        0x2 
 .text.UART_SetConfig
                0x0800471c      0x4e8 ./Drivers/STM32F4xx_HAL_Driver/Src/stm32f4xx_hal_uart.o
 .text.axis0_default_config_make
                0x08004c04       0xf0 ./app/axis0_default_config.o
                0x08004c04                axis0_default_config_make
 .text.board_init_power_safe
                0x08004cf4       0x90 ./board/board_odrive_v36.o
                0x08004cf4                board_init_power_safe
 .text.board_read_vbus_v
                0x08004d84       0x28 ./board/board_odrive_v36.o
                0x08004d84                board_read_vbus_v
 .text.board_read_drv_nfault
                0x08004dac        0xe ./board/board_odrive_v36.o
                0x08004dac                board_read_drv_nfault
 *fill*         0x08004dba        0x2 
 .text.board_get_status
                0x08004dbc       0x58 ./board/board_odrive_v36.o
                0x08004dbc                board_get_status
 .text.hal_adc_init
                0x08004e14       0x74 ./hal_stm32f405/hal_adc_stm32f405.o
                0x08004e14                hal_adc_init
 .text.hal_adc_stm32f405_on_injected_complete
                0x08004e88       0xf8 ./hal_stm32f405/hal_adc_stm32f405.o
                0x08004e88                hal_adc_stm32f405_on_injected_complete
 .text.hal_adc_get_snapshot
                0x08004f80       0x48 ./hal_stm32f405/hal_adc_stm32f405.o
                0x08004f80                hal_adc_get_snapshot
 .text.hal_adc_get_vbus_raw
                0x08004fc8       0x22 ./hal_stm32f405/hal_adc_stm32f405.o
                0x08004fc8                hal_adc_get_vbus_raw
 *fill*         0x08004fea        0x2 
 .text.hal_adc_samples_valid
                0x08004fec       0x38 ./hal_stm32f405/hal_adc_stm32f405.o
                0x08004fec                hal_adc_samples_valid
 .text.hal_gpio_read_fault_pin
                0x08005024       0x20 ./hal_stm32f405/hal_gpio_stm32f405.o
                0x08005024                hal_gpio_read_fault_pin
 .text.hal_gpio_set_gate_enable
                0x08005044       0x24 ./hal_stm32f405/hal_gpio_stm32f405.o
                0x08005044                hal_gpio_set_gate_enable
 .text.clamp01  0x08005068       0x4a ./hal_stm32f405/hal_pwm_stm32f405.o
 *fill*         0x080050b2        0x2 
 .text.duty_to_ccr
                0x080050b4       0x48 ./hal_stm32f405/hal_pwm_stm32f405.o
 .text.hal_pwm_start_adc_trigger_only
                0x080050fc       0xac ./hal_stm32f405/hal_pwm_stm32f405.o
                0x080050fc                hal_pwm_start_adc_trigger_only
 .text.snprintf
                0x080051a8       0x6c D:/ST/STM32CubeIDE_2.1.1/STM32CubeIDE/plugins/com.st.stm32cube.ide.mcu.externaltools.gnu-tools-for-stm32.14.3.rel1.win32_1.0.100.202602081740/tools/bin/../lib/gcc/arm-none-eabi/14.3.1/../../../../arm-none-eabi/lib/thumb/v7e-m+fp/hard\libc_nano.a(libc_a-snprintf.o)
                0x080051a8                sniprintf
                0x080051a8                snprintf
 .text.memset   0x08005214       0x10 D:/ST/STM32CubeIDE_2.1.1/STM32CubeIDE/plugins/com.st.stm32cube.ide.mcu.externaltools.gnu-tools-for-stm32.14.3.rel1.win32_1.0.100.202602081740/tools/bin/../lib/gcc/arm-none-eabi/14.3.1/../../../../arm-none-eabi/lib/thumb/v7e-m+fp/hard\libc_nano.a(libc_a-memset.o)
                0x08005214                memset
 .text.__errno  0x08005224        0xc D:/ST/STM32CubeIDE_2.1.1/STM32CubeIDE/plugins/com.st.stm32cube.ide.mcu.externaltools.gnu-tools-for-stm32.14.3.rel1.win32_1.0.100.202602081740/tools/bin/../lib/gcc/arm-none-eabi/14.3.1/../../../../arm-none-eabi/lib/thumb/v7e-m+fp/hard\libc_nano.a(libc_a-errno.o)
                0x08005224                __errno
 .text.__libc_init_array
                0x08005230       0x48 D:/ST/STM32CubeIDE_2.1.1/STM32CubeIDE/plugins/com.st.stm32cube.ide.mcu.externaltools.gnu-tools-for-stm32.14.3.rel1.win32_1.0.100.202602081740/tools/bin/../lib/gcc/arm-none-eabi/14.3.1/../../../../arm-none-eabi/lib/thumb/v7e-m+fp/hard\libc_nano.a(libc_a-init.o)
                0x08005230                __libc_init_array
 .text.__retarget_lock_acquire_recursive
                0x08005278        0x2 D:/ST/STM32CubeIDE_2.1.1/STM32CubeIDE/plugins/com.st.stm32cube.ide.mcu.externaltools.gnu-tools-for-stm32.14.3.rel1.win32_1.0.100.202602081740/tools/bin/../lib/gcc/arm-none-eabi/14.3.1/../../../../arm-none-eabi/lib/thumb/v7e-m+fp/hard\libc_nano.a(libc_a-lock.o)
                0x08005278                __retarget_lock_acquire_recursive
 .text.__retarget_lock_release_recursive
                0x0800527a        0x2 D:/ST/STM32CubeIDE_2.1.1/STM32CubeIDE/plugins/com.st.stm32cube.ide.mcu.externaltools.gnu-tools-for-stm32.14.3.rel1.win32_1.0.100.202602081740/tools/bin/../lib/gcc/arm-none-eabi/14.3.1/../../../../arm-none-eabi/lib/thumb/v7e-m+fp/hard\libc_nano.a(libc_a-lock.o)
                0x0800527a                __retarget_lock_release_recursive
 .text.memcpy   0x0800527c       0x1c D:/ST/STM32CubeIDE_2.1.1/STM32CubeIDE/plugins/com.st.stm32cube.ide.mcu.externaltools.gnu-tools-for-stm32.14.3.rel1.win32_1.0.100.202602081740/tools/bin/../lib/gcc/arm-none-eabi/14.3.1/../../../../arm-none-eabi/lib/thumb/v7e-m+fp/hard\libc_nano.a(libc_a-memcpy-stub.o)
                0x0800527c                memcpy
 .text._free_r  0x08005298       0x94 D:/ST/STM32CubeIDE_2.1.1/STM32CubeIDE/plugins/com.st.stm32cube.ide.mcu.externaltools.gnu-tools-for-stm32.14.3.rel1.win32_1.0.100.202602081740/tools/bin/../lib/gcc/arm-none-eabi/14.3.1/../../../../arm-none-eabi/lib/thumb/v7e-m+fp/hard\libc_nano.a(libc_a-freer.o)
                0x08005298                _free_r
 .text.sbrk_aligned
                0x0800532c       0x44 D:/ST/STM32CubeIDE_2.1.1/STM32CubeIDE/plugins/com.st.stm32cube.ide.mcu.externaltools.gnu-tools-for-stm32.14.3.rel1.win32_1.0.100.202602081740/tools/bin/../lib/gcc/arm-none-eabi/14.3.1/../../../../arm-none-eabi/lib/thumb/v7e-m+fp/hard\libc_nano.a(libc_a-mallocr.o)
 .text._malloc_r
                0x08005370      0x100 D:/ST/STM32CubeIDE_2.1.1/STM32CubeIDE/plugins/com.st.stm32cube.ide.mcu.externaltools.gnu-tools-for-stm32.14.3.rel1.win32_1.0.100.202602081740/tools/bin/../lib/gcc/arm-none-eabi/14.3.1/../../../../arm-none-eabi/lib/thumb/v7e-m+fp/hard\libc_nano.a(libc_a-mallocr.o)
                0x08005370                _malloc_r
 .text.__malloc_lock
                0x08005470        0xc D:/ST/STM32CubeIDE_2.1.1/STM32CubeIDE/plugins/com.st.stm32cube.ide.mcu.externaltools.gnu-tools-for-stm32.14.3.rel1.win32_1.0.100.202602081740/tools/bin/../lib/gcc/arm-none-eabi/14.3.1/../../../../arm-none-eabi/lib/thumb/v7e-m+fp/hard\libc_nano.a(libc_a-mlock.o)
                0x08005470                __malloc_lock
 .text.__malloc_unlock
                0x0800547c        0xc D:/ST/STM32CubeIDE_2.1.1/STM32CubeIDE/plugins/com.st.stm32cube.ide.mcu.externaltools.gnu-tools-for-stm32.14.3.rel1.win32_1.0.100.202602081740/tools/bin/../lib/gcc/arm-none-eabi/14.3.1/../../../../arm-none-eabi/lib/thumb/v7e-m+fp/hard\libc_nano.a(libc_a-mlock.o)
                0x0800547c                __malloc_unlock
 .text.__ssputs_r
                0x08005488       0xc0 D:/ST/STM32CubeIDE_2.1.1/STM32CubeIDE/plugins/com.st.stm32cube.ide.mcu.externaltools.gnu-tools-for-stm32.14.3.rel1.win32_1.0.100.202602081740/tools/bin/../lib/gcc/arm-none-eabi/14.3.1/../../../../arm-none-eabi/lib/thumb/v7e-m+fp/hard\libc_nano.a(libc_a-nano-svfprintf.o)
                0x08005488                __ssputs_r
 .text._svfprintf_r
                0x08005548      0x1f0 D:/ST/STM32CubeIDE_2.1.1/STM32CubeIDE/plugins/com.st.stm32cube.ide.mcu.externaltools.gnu-tools-for-stm32.14.3.rel1.win32_1.0.100.202602081740/tools/bin/../lib/gcc/arm-none-eabi/14.3.1/../../../../arm-none-eabi/lib/thumb/v7e-m+fp/hard\libc_nano.a(libc_a-nano-svfprintf.o)
                0x08005548                _svfiprintf_r
                0x08005548                _svfprintf_r
 .text._printf_common
                0x08005738       0xda D:/ST/STM32CubeIDE_2.1.1/STM32CubeIDE/plugins/com.st.stm32cube.ide.mcu.externaltools.gnu-tools-for-stm32.14.3.rel1.win32_1.0.100.202602081740/tools/bin/../lib/gcc/arm-none-eabi/14.3.1/../../../../arm-none-eabi/lib/thumb/v7e-m+fp/hard\libc_nano.a(libc_a-nano-vfprintf_i.o)
                0x08005738                _printf_common
 *fill*         0x08005812        0x2 
 .text._printf_i
                0x08005814      0x24c D:/ST/STM32CubeIDE_2.1.1/STM32CubeIDE/plugins/com.st.stm32cube.ide.mcu.externaltools.gnu-tools-for-stm32.14.3.rel1.win32_1.0.100.202602081740/tools/bin/../lib/gcc/arm-none-eabi/14.3.1/../../../../arm-none-eabi/lib/thumb/v7e-m+fp/hard\libc_nano.a(libc_a-nano-vfprintf_i.o)
                0x08005814                _printf_i
 .text.memmove  0x08005a60       0x32 D:/ST/STM32CubeIDE_2.1.1/STM32CubeIDE/plugins/com.st.stm32cube.ide.mcu.externaltools.gnu-tools-for-stm32.14.3.rel1.win32_1.0.100.202602081740/tools/bin/../lib/gcc/arm-none-eabi/14.3.1/../../../../arm-none-eabi/lib/thumb/v7e-m+fp/hard\libc_nano.a(libc_a-memmove.o)
                0x08005a60                memmove
 *fill*         0x08005a92        0x2 
 .text._sbrk_r  0x08005a94       0x20 D:/ST/STM32CubeIDE_2.1.1/STM32CubeIDE/plugins/com.st.stm32cube.ide.mcu.externaltools.gnu-tools-for-stm32.14.3.rel1.win32_1.0.100.202602081740/tools/bin/../lib/gcc/arm-none-eabi/14.3.1/../../../../arm-none-eabi/lib/thumb/v7e-m+fp/hard\libc_nano.a(libc_a-sbrkr.o)
                0x08005a94                _sbrk_r
 .text._realloc_r
                0x08005ab4       0x5c D:/ST/STM32CubeIDE_2.1.1/STM32CubeIDE/plugins/com.st.stm32cube.ide.mcu.externaltools.gnu-tools-for-stm32.14.3.rel1.win32_1.0.100.202602081740/tools/bin/../lib/gcc/arm-none-eabi/14.3.1/../../../../arm-none-eabi/lib/thumb/v7e-m+fp/hard\libc_nano.a(libc_a-reallocr.o)
                0x08005ab4                _realloc_r
 .text._malloc_usable_size_r
                0x08005b10       0x10 D:/ST/STM32CubeIDE_2.1.1/STM32CubeIDE/plugins/com.st.stm32cube.ide.mcu.externaltools.gnu-tools-for-stm32.14.3.rel1.win32_1.0.100.202602081740/tools/bin/../lib/gcc/arm-none-eabi/14.3.1/../../../../arm-none-eabi/lib/thumb/v7e-m+fp/hard\libc_nano.a(libc_a-msizer.o)
                0x08005b10                _malloc_usable_size_r
 *(.glue_7)
 .glue_7        0x08005b20        0x0 linker stubs
 *(.glue_7t)
 .glue_7t       0x08005b20        0x0 linker stubs
 *(.eh_frame)
 .eh_frame      0x08005b20        0x0 D:/ST/STM32CubeIDE_2.1.1/STM32CubeIDE/plugins/com.st.stm32cube.ide.mcu.externaltools.gnu-tools-for-stm32.14.3.rel1.win32_1.0.100.202602081740/tools/bin/../lib/gcc/arm-none-eabi/14.3.1/thumb/v7e-m+fp/hard/crtbegin.o
 *(.init)
 .init          0x08005b20        0x4 D:/ST/STM32CubeIDE_2.1.1/STM32CubeIDE/plugins/com.st.stm32cube.ide.mcu.externaltools.gnu-tools-for-stm32.14.3.rel1.win32_1.0.100.202602081740/tools/bin/../lib/gcc/arm-none-eabi/14.3.1/thumb/v7e-m+fp/hard/crti.o
                0x08005b20                _init
 .init          0x08005b24        0x8 D:/ST/STM32CubeIDE_2.1.1/STM32CubeIDE/plugins/com.st.stm32cube.ide.mcu.externaltools.gnu-tools-for-stm32.14.3.rel1.win32_1.0.100.202602081740/tools/bin/../lib/gcc/arm-none-eabi/14.3.1/thumb/v7e-m+fp/hard/crtn.o
 *(.fini)
 .fini          0x08005b2c        0x4 D:/ST/STM32CubeIDE_2.1.1/STM32CubeIDE/plugins/com.st.stm32cube.ide.mcu.externaltools.gnu-tools-for-stm32.14.3.rel1.win32_1.0.100.202602081740/tools/bin/../lib/gcc/arm-none-eabi/14.3.1/thumb/v7e-m+fp/hard/crti.o
                0x08005b2c                _fini
 .fini          0x08005b30        0x8 D:/ST/STM32CubeIDE_2.1.1/STM32CubeIDE/plugins/com.st.stm32cube.ide.mcu.externaltools.gnu-tools-for-stm32.14.3.rel1.win32_1.0.100.202602081740/tools/bin/../lib/gcc/arm-none-eabi/14.3.1/thumb/v7e-m+fp/hard/crtn.o
                0x08005b38                        . = ALIGN (0x4)
                0x08005b38                        _etext = .

.vfp11_veneer   0x08005b38        0x0
 .vfp11_veneer  0x08005b38        0x0 linker stubs

.v4_bx          0x08005b38        0x0
 .v4_bx         0x08005b38        0x0 linker stubs

.iplt           0x08005b38        0x0
 .iplt          0x08005b38        0x0 D:/ST/STM32CubeIDE_2.1.1/STM32CubeIDE/plugins/com.st.stm32cube.ide.mcu.externaltools.gnu-tools-for-stm32.14.3.rel1.win32_1.0.100.202602081740/tools/bin/../lib/gcc/arm-none-eabi/14.3.1/thumb/v7e-m+fp/hard/crtbegin.o

.rodata         0x08005b38      0x160
                0x08005b38                        . = ALIGN (0x4)
 *(.rodata)
 .rodata        0x08005b38      0x111 ./Core/Src/main.o
 *(.rodata*)
 *fill*         0x08005c49        0x3 
 .rodata.AHBPrescTable
                0x08005c4c       0x10 ./Core/Src/system_stm32f4xx.o
                0x08005c4c                AHBPrescTable
 .rodata.APBPrescTable
                0x08005c5c        0x8 ./Core/Src/system_stm32f4xx.o
                0x08005c5c                APBPrescTable
 .rodata._svfprintf_r.str1.1
                0x08005c64       0x33 D:/ST/STM32CubeIDE_2.1.1/STM32CubeIDE/plugins/com.st.stm32cube.ide.mcu.externaltools.gnu-tools-for-stm32.14.3.rel1.win32_1.0.100.202602081740/tools/bin/../lib/gcc/arm-none-eabi/14.3.1/../../../../arm-none-eabi/lib/thumb/v7e-m+fp/hard\libc_nano.a(libc_a-nano-svfprintf.o)
                                 0x11 (size before relaxing)
 .rodata._printf_i.str1.1
                0x08005c97       0x22 D:/ST/STM32CubeIDE_2.1.1/STM32CubeIDE/plugins/com.st.stm32cube.ide.mcu.externaltools.gnu-tools-for-stm32.14.3.rel1.win32_1.0.100.202602081740/tools/bin/../lib/gcc/arm-none-eabi/14.3.1/../../../../arm-none-eabi/lib/thumb/v7e-m+fp/hard\libc_nano.a(libc_a-nano-vfprintf_i.o)
                0x08005cbc                        . = ALIGN (0x4)
 *fill*         0x08005c97        0x1 

.ARM.extab      0x08005c98        0x0
                0x08005c98                        . = ALIGN (0x4)
 *(.ARM.extab* .gnu.linkonce.armextab.*)
                0x08005c98                        . = ALIGN (0x4)

.ARM            0x08005c98        0x8
                0x08005c98                        . = ALIGN (0x4)
                0x08005c98                        __exidx_start = .
 *(.ARM.exidx*)
 .ARM.exidx     0x08005c98        0x8 D:/ST/STM32CubeIDE_2.1.1/STM32CubeIDE/plugins/com.st.stm32cube.ide.mcu.externaltools.gnu-tools-for-stm32.14.3.rel1.win32_1.0.100.202602081740/tools/bin/../lib/gcc/arm-none-eabi/14.3.1/../../../../arm-none-eabi/lib/thumb/v7e-m+fp/hard\libc_nano.a(libc_a-strlen.o)
 .ARM.exidx     0x08005ca0        0x0 D:/ST/STM32CubeIDE_2.1.1/STM32CubeIDE/plugins/com.st.stm32cube.ide.mcu.externaltools.gnu-tools-for-stm32.14.3.rel1.win32_1.0.100.202602081740/tools/bin/../lib/gcc/arm-none-eabi/14.3.1/../../../../arm-none-eabi/lib/thumb/v7e-m+fp/hard\libc_nano.a(libc_a-memchr.o)
                                  0x8 (size before relaxing)
 .ARM.exidx     0x08005ca0        0x0 D:/ST/STM32CubeIDE_2.1.1/STM32CubeIDE/plugins/com.st.stm32cube.ide.mcu.externaltools.gnu-tools-for-stm32.14.3.rel1.win32_1.0.100.202602081740/tools/bin/../lib/gcc/arm-none-eabi/14.3.1/thumb/v7e-m+fp/hard\libgcc.a(_udivmoddi4.o)
                                  0x8 (size before relaxing)
                0x08005ca0                        __exidx_end = .
                0x08005ca0                        . = ALIGN (0x4)

.preinit_array  0x08005ca0        0x0
                0x08005ca0                        . = ALIGN (0x4)
                0x08005ca0                        PROVIDE (__preinit_array_start = .)
 *(.preinit_array*)
                0x08005ca0                        PROVIDE (__preinit_array_end = .)
                0x08005ca0                        . = ALIGN (0x4)

.init_array     0x08005ca0        0x4
                0x08005ca0                        . = ALIGN (0x4)
                0x08005ca0                        PROVIDE (__init_array_start = .)
 *(SORT_BY_NAME(.init_array.*))
 *(.init_array*)
 .init_array    0x08005ca0        0x4 D:/ST/STM32CubeIDE_2.1.1/STM32CubeIDE/plugins/com.st.stm32cube.ide.mcu.externaltools.gnu-tools-for-stm32.14.3.rel1.win32_1.0.100.202602081740/tools/bin/../lib/gcc/arm-none-eabi/14.3.1/thumb/v7e-m+fp/hard/crtbegin.o
                0x08005ca4                        PROVIDE (__init_array_end = .)
                0x08005ca4                        . = ALIGN (0x4)

.fini_array     0x08005ca4        0x4
                0x08005ca4                        . = ALIGN (0x4)
                [!provide]                        PROVIDE (__fini_array_start = .)
 *(SORT_BY_NAME(.fini_array.*))
 *(.fini_array*)
 .fini_array    0x08005ca4        0x4 D:/ST/STM32CubeIDE_2.1.1/STM32CubeIDE/plugins/com.st.stm32cube.ide.mcu.externaltools.gnu-tools-for-stm32.14.3.rel1.win32_1.0.100.202602081740/tools/bin/../lib/gcc/arm-none-eabi/14.3.1/thumb/v7e-m+fp/hard/crtbegin.o
                [!provide]                        PROVIDE (__fini_array_end = .)
                0x08005ca8                        . = ALIGN (0x4)
                0x08005ca8                        _sidata = LOADADDR (.data)

.rel.dyn        0x08005ca8        0x0
 .rel.iplt      0x08005ca8        0x0 D:/ST/STM32CubeIDE_2.1.1/STM32CubeIDE/plugins/com.st.stm32cube.ide.mcu.externaltools.gnu-tools-for-stm32.14.3.rel1.win32_1.0.100.202602081740/tools/bin/../lib/gcc/arm-none-eabi/14.3.1/thumb/v7e-m+fp/hard/crtbegin.o

.data           0x20000000       0x60 load address 0x08005ca8
                0x20000000                        . = ALIGN (0x4)
                0x20000000                        _sdata = .
 *(.data)
 *(.data*)
 .data.SystemCoreClock
                0x20000000        0x4 ./Core/Src/system_stm32f4xx.o
                0x20000000                SystemCoreClock
 .data.uwTickPrio
                0x20000004        0x4 ./Drivers/STM32F4xx_HAL_Driver/Src/stm32f4xx_hal.o
                0x20000004                uwTickPrio
 .data.uwTickFreq
                0x20000008        0x1 ./Drivers/STM32F4xx_HAL_Driver/Src/stm32f4xx_hal.o
                0x20000008                uwTickFreq
 *fill*         0x20000009        0x3 
 .data.s_vbus_scale_v_per_count
                0x2000000c        0x4 ./board/board_odrive_v36.o
 .data._impure_ptr
                0x20000010        0x4 D:/ST/STM32CubeIDE_2.1.1/STM32CubeIDE/plugins/com.st.stm32cube.ide.mcu.externaltools.gnu-tools-for-stm32.14.3.rel1.win32_1.0.100.202602081740/tools/bin/../lib/gcc/arm-none-eabi/14.3.1/../../../../arm-none-eabi/lib/thumb/v7e-m+fp/hard\libc_nano.a(libc_a-impure.o)
                0x20000010                _impure_ptr
 .data._impure_data
                0x20000014       0x4c D:/ST/STM32CubeIDE_2.1.1/STM32CubeIDE/plugins/com.st.stm32cube.ide.mcu.externaltools.gnu-tools-for-stm32.14.3.rel1.win32_1.0.100.202602081740/tools/bin/../lib/gcc/arm-none-eabi/14.3.1/../../../../arm-none-eabi/lib/thumb/v7e-m+fp/hard\libc_nano.a(libc_a-impure.o)
                0x20000014                _impure_data
 *(.RamFunc)
 *(.RamFunc*)
                0x20000060                        . = ALIGN (0x4)
                0x20000060                        _edata = .
                0x08005d08                        _siccmram = LOADADDR (.ccmram)

.igot.plt       0x20000060        0x0 load address 0x08005d08
 .igot.plt      0x20000060        0x0 D:/ST/STM32CubeIDE_2.1.1/STM32CubeIDE/plugins/com.st.stm32cube.ide.mcu.externaltools.gnu-tools-for-stm32.14.3.rel1.win32_1.0.100.202602081740/tools/bin/../lib/gcc/arm-none-eabi/14.3.1/thumb/v7e-m+fp/hard/crtbegin.o

.ccmram         0x10000000        0x0 load address 0x08005d08
                0x10000000                        . = ALIGN (0x4)
                0x10000000                        _sccmram = .
 *(.ccmram)
 *(.ccmram*)
                0x10000000                        . = ALIGN (0x4)
                0x10000000                        _eccmram = .
                0x10000000                        . = ALIGN (0x4)

.bss            0x20000060      0x44c
                0x20000060                        _sbss = .
                0x20000060                        __bss_start__ = _sbss
 *(.bss)
 .bss           0x20000060       0x1c D:/ST/STM32CubeIDE_2.1.1/STM32CubeIDE/plugins/com.st.stm32cube.ide.mcu.externaltools.gnu-tools-for-stm32.14.3.rel1.win32_1.0.100.202602081740/tools/bin/../lib/gcc/arm-none-eabi/14.3.1/thumb/v7e-m+fp/hard/crtbegin.o
 *(.bss*)
 .bss.hadc1     0x2000007c       0x48 ./Core/Src/adc.o
                0x2000007c                hadc1
 .bss.hadc2     0x200000c4       0x48 ./Core/Src/adc.o
                0x200000c4                hadc2
 .bss.g_axis0   0x2000010c       0xe8 ./Core/Src/main.o
 .bss.g_adc_callback_count
                0x200001f4        0x4 ./Core/Src/main.o
 .bss.g_adc_init_ok
                0x200001f8        0x1 ./Core/Src/main.o
 .bss.g_board_init_ok
                0x200001f9        0x1 ./Core/Src/main.o
 *fill*         0x200001fa        0x2 
 .bss.hspi3     0x200001fc       0x58 ./Core/Src/spi.o
                0x200001fc                hspi3
 .bss.__sbrk_heap_end
                0x20000254        0x4 ./Core/Src/sysmem.o
 .bss.htim1     0x20000258       0x48 ./Core/Src/tim.o
                0x20000258                htim1
 .bss.htim3     0x200002a0       0x48 ./Core/Src/tim.o
                0x200002a0                htim3
 .bss.huart2    0x200002e8       0x48 ./Core/Src/usart.o
                0x200002e8                huart2
 .bss.uwTick    0x20000330        0x4 ./Drivers/STM32F4xx_HAL_Driver/Src/stm32f4xx_hal.o
                0x20000330                uwTick
 .bss.s_board_status
                0x20000334        0xc ./board/board_odrive_v36.o
 .bss.s_snapshot
                0x20000340       0x14 ./hal_stm32f405/hal_adc_stm32f405.o
 .bss.s_adc_started
                0x20000354        0x1 ./hal_stm32f405/hal_adc_stm32f405.o
 *fill*         0x20000355        0x1 
 .bss.s_pending_vbus_raw
                0x20000356        0x2 ./hal_stm32f405/hal_adc_stm32f405.o
 .bss.s_pending_mos_temp_raw
                0x20000358        0x2 ./hal_stm32f405/hal_adc_stm32f405.o
 .bss.s_pending_current_u_raw
                0x2000035a        0x2 ./hal_stm32f405/hal_adc_stm32f405.o
 .bss.s_pending_current_v_raw
                0x2000035c        0x2 ./hal_stm32f405/hal_adc_stm32f405.o
 .bss.s_pending_adc1_ready
                0x2000035e        0x1 ./hal_stm32f405/hal_adc_stm32f405.o
 .bss.s_pending_adc2_ready
                0x2000035f        0x1 ./hal_stm32f405/hal_adc_stm32f405.o
 .bss.s_pwm_enabled
                0x20000360        0x1 ./hal_stm32f405/hal_pwm_stm32f405.o
 *fill*         0x20000361        0x3 
 .bss.__sf      0x20000364      0x138 D:/ST/STM32CubeIDE_2.1.1/STM32CubeIDE/plugins/com.st.stm32cube.ide.mcu.externaltools.gnu-tools-for-stm32.14.3.rel1.win32_1.0.100.202602081740/tools/bin/../lib/gcc/arm-none-eabi/14.3.1/../../../../arm-none-eabi/lib/thumb/v7e-m+fp/hard\libc_nano.a(libc_a-findfp.o)
                0x20000364                __sf
 .bss.errno     0x2000049c        0x4 D:/ST/STM32CubeIDE_2.1.1/STM32CubeIDE/plugins/com.st.stm32cube.ide.mcu.externaltools.gnu-tools-for-stm32.14.3.rel1.win32_1.0.100.202602081740/tools/bin/../lib/gcc/arm-none-eabi/14.3.1/../../../../arm-none-eabi/lib/thumb/v7e-m+fp/hard\libc_nano.a(libc_a-reent.o)
                0x2000049c                errno
 .bss.__lock___malloc_recursive_mutex
                0x200004a0        0x1 D:/ST/STM32CubeIDE_2.1.1/STM32CubeIDE/plugins/com.st.stm32cube.ide.mcu.externaltools.gnu-tools-for-stm32.14.3.rel1.win32_1.0.100.202602081740/tools/bin/../lib/gcc/arm-none-eabi/14.3.1/../../../../arm-none-eabi/lib/thumb/v7e-m+fp/hard\libc_nano.a(libc_a-lock.o)
                0x200004a0                __lock___malloc_recursive_mutex
 *fill*         0x200004a1        0x3 
 .bss.__malloc_sbrk_start
                0x200004a4        0x4 D:/ST/STM32CubeIDE_2.1.1/STM32CubeIDE/plugins/com.st.stm32cube.ide.mcu.externaltools.gnu-tools-for-stm32.14.3.rel1.win32_1.0.100.202602081740/tools/bin/../lib/gcc/arm-none-eabi/14.3.1/../../../../arm-none-eabi/lib/thumb/v7e-m+fp/hard\libc_nano.a(libc_a-mallocr.o)
                0x200004a4                __malloc_sbrk_start
 .bss.__malloc_free_list
                0x200004a8        0x4 D:/ST/STM32CubeIDE_2.1.1/STM32CubeIDE/plugins/com.st.stm32cube.ide.mcu.externaltools.gnu-tools-for-stm32.14.3.rel1.win32_1.0.100.202602081740/tools/bin/../lib/gcc/arm-none-eabi/14.3.1/../../../../arm-none-eabi/lib/thumb/v7e-m+fp/hard\libc_nano.a(libc_a-mallocr.o)
                0x200004a8                __malloc_free_list
 *(COMMON)
                0x200004ac                        . = ALIGN (0x4)
                0x200004ac                        _ebss = .
                0x200004ac                        __bss_end__ = _ebss

._user_heap_stack
                0x200004ac      0x604
                0x200004b0                        . = ALIGN (0x8)
 *fill*         0x200004ac        0x4 
                [!provide]                        PROVIDE (end = .)
                0x200004b0                        PROVIDE (_end = .)
                0x200006b0                        . = (. + _Min_Heap_Size)
 *fill*         0x200004b0      0x200 
                0x20000ab0                        . = (. + _Min_Stack_Size)
 *fill*         0x200006b0      0x400 
                0x20000ab0                        . = ALIGN (0x8)

/DISCARD/
 libc.a(*)
 libm.a(*)
 libgcc.a(*)

.ARM.attributes
                0x00000000       0x30
 *(.ARM.attributes)
 .ARM.attributes
                0x00000000       0x22 D:/ST/STM32CubeIDE_2.1.1/STM32CubeIDE/plugins/com.st.stm32cube.ide.mcu.externaltools.gnu-tools-for-stm32.14.3.rel1.win32_1.0.100.202602081740/tools/bin/../lib/gcc/arm-none-eabi/14.3.1/thumb/v7e-m+fp/hard/crti.o
 .ARM.attributes
                0x00000022       0x34 D:/ST/STM32CubeIDE_2.1.1/STM32CubeIDE/plugins/com.st.stm32cube.ide.mcu.externaltools.gnu-tools-for-stm32.14.3.rel1.win32_1.0.100.202602081740/tools/bin/../lib/gcc/arm-none-eabi/14.3.1/thumb/v7e-m+fp/hard/crtbegin.o
 .ARM.attributes
                0x00000056       0x34 ./Core/Src/adc.o
 .ARM.attributes
                0x0000008a       0x34 ./Core/Src/gpio.o
 .ARM.attributes
                0x000000be       0x34 ./Core/Src/main.o
 .ARM.attributes
                0x000000f2       0x34 ./Core/Src/spi.o
 .ARM.attributes
                0x00000126       0x34 ./Core/Src/stm32f4xx_hal_msp.o
 .ARM.attributes
                0x0000015a       0x34 ./Core/Src/stm32f4xx_it.o
 .ARM.attributes
                0x0000018e       0x34 ./Core/Src/sysmem.o
 .ARM.attributes
                0x000001c2       0x34 ./Core/Src/system_stm32f4xx.o
 .ARM.attributes
                0x000001f6       0x34 ./Core/Src/tim.o
 .ARM.attributes
                0x0000022a       0x34 ./Core/Src/usart.o
 .ARM.attributes
                0x0000025e       0x21 ./Core/Startup/startup_stm32f405rgtx.o
 .ARM.attributes
                0x0000027f       0x34 ./Drivers/STM32F4xx_HAL_Driver/Src/stm32f4xx_hal.o
 .ARM.attributes
                0x000002b3       0x34 ./Drivers/STM32F4xx_HAL_Driver/Src/stm32f4xx_hal_adc.o
 .ARM.attributes
                0x000002e7       0x34 ./Drivers/STM32F4xx_HAL_Driver/Src/stm32f4xx_hal_adc_ex.o
 .ARM.attributes
                0x0000031b       0x34 ./Drivers/STM32F4xx_HAL_Driver/Src/stm32f4xx_hal_cortex.o
 .ARM.attributes
                0x0000034f       0x34 ./Drivers/STM32F4xx_HAL_Driver/Src/stm32f4xx_hal_gpio.o
 .ARM.attributes
                0x00000383       0x34 ./Drivers/STM32F4xx_HAL_Driver/Src/stm32f4xx_hal_rcc.o
 .ARM.attributes
                0x000003b7       0x34 ./Drivers/STM32F4xx_HAL_Driver/Src/stm32f4xx_hal_spi.o
 .ARM.attributes
                0x000003eb       0x34 ./Drivers/STM32F4xx_HAL_Driver/Src/stm32f4xx_hal_tim.o
 .ARM.attributes
                0x0000041f       0x34 ./Drivers/STM32F4xx_HAL_Driver/Src/stm32f4xx_hal_tim_ex.o
 .ARM.attributes
                0x00000453       0x34 ./Drivers/STM32F4xx_HAL_Driver/Src/stm32f4xx_hal_uart.o
 .ARM.attributes
                0x00000487       0x34 ./app/axis0_default_config.o
 .ARM.attributes
                0x000004bb       0x34 ./board/board_odrive_v36.o
 .ARM.attributes
                0x000004ef       0x34 ./hal_stm32f405/hal_adc_stm32f405.o
 .ARM.attributes
                0x00000523       0x34 ./hal_stm32f405/hal_gpio_stm32f405.o
 .ARM.attributes
                0x00000557       0x34 ./hal_stm32f405/hal_pwm_stm32f405.o
 .ARM.attributes
                0x0000058b       0x34 D:/ST/STM32CubeIDE_2.1.1/STM32CubeIDE/plugins/com.st.stm32cube.ide.mcu.externaltools.gnu-tools-for-stm32.14.3.rel1.win32_1.0.100.202602081740/tools/bin/../lib/gcc/arm-none-eabi/14.3.1/../../../../arm-none-eabi/lib/thumb/v7e-m+fp/hard\libc_nano.a(libc_a-findfp.o)
 .ARM.attributes
                0x000005bf       0x34 D:/ST/STM32CubeIDE_2.1.1/STM32CubeIDE/plugins/com.st.stm32cube.ide.mcu.externaltools.gnu-tools-for-stm32.14.3.rel1.win32_1.0.100.202602081740/tools/bin/../lib/gcc/arm-none-eabi/14.3.1/../../../../arm-none-eabi/lib/thumb/v7e-m+fp/hard\libc_nano.a(libc_a-snprintf.o)
 .ARM.attributes
                0x000005f3       0x34 D:/ST/STM32CubeIDE_2.1.1/STM32CubeIDE/plugins/com.st.stm32cube.ide.mcu.externaltools.gnu-tools-for-stm32.14.3.rel1.win32_1.0.100.202602081740/tools/bin/../lib/gcc/arm-none-eabi/14.3.1/../../../../arm-none-eabi/lib/thumb/v7e-m+fp/hard\libc_nano.a(libc_a-memset.o)
 .ARM.attributes
                0x00000627       0x34 D:/ST/STM32CubeIDE_2.1.1/STM32CubeIDE/plugins/com.st.stm32cube.ide.mcu.externaltools.gnu-tools-for-stm32.14.3.rel1.win32_1.0.100.202602081740/tools/bin/../lib/gcc/arm-none-eabi/14.3.1/../../../../arm-none-eabi/lib/thumb/v7e-m+fp/hard\libc_nano.a(libc_a-reent.o)
 .ARM.attributes
                0x0000065b       0x34 D:/ST/STM32CubeIDE_2.1.1/STM32CubeIDE/plugins/com.st.stm32cube.ide.mcu.externaltools.gnu-tools-for-stm32.14.3.rel1.win32_1.0.100.202602081740/tools/bin/../lib/gcc/arm-none-eabi/14.3.1/../../../../arm-none-eabi/lib/thumb/v7e-m+fp/hard\libc_nano.a(libc_a-impure.o)
 .ARM.attributes
                0x0000068f       0x34 D:/ST/STM32CubeIDE_2.1.1/STM32CubeIDE/plugins/com.st.stm32cube.ide.mcu.externaltools.gnu-tools-for-stm32.14.3.rel1.win32_1.0.100.202602081740/tools/bin/../lib/gcc/arm-none-eabi/14.3.1/../../../../arm-none-eabi/lib/thumb/v7e-m+fp/hard\libc_nano.a(libc_a-errno.o)
 .ARM.attributes
                0x000006c3       0x34 D:/ST/STM32CubeIDE_2.1.1/STM32CubeIDE/plugins/com.st.stm32cube.ide.mcu.externaltools.gnu-tools-for-stm32.14.3.rel1.win32_1.0.100.202602081740/tools/bin/../lib/gcc/arm-none-eabi/14.3.1/../../../../arm-none-eabi/lib/thumb/v7e-m+fp/hard\libc_nano.a(libc_a-init.o)
 .ARM.attributes
                0x000006f7       0x34 D:/ST/STM32CubeIDE_2.1.1/STM32CubeIDE/plugins/com.st.stm32cube.ide.mcu.externaltools.gnu-tools-for-stm32.14.3.rel1.win32_1.0.100.202602081740/tools/bin/../lib/gcc/arm-none-eabi/14.3.1/../../../../arm-none-eabi/lib/thumb/v7e-m+fp/hard\libc_nano.a(libc_a-lock.o)
 .ARM.attributes
                0x0000072b       0x34 D:/ST/STM32CubeIDE_2.1.1/STM32CubeIDE/plugins/com.st.stm32cube.ide.mcu.externaltools.gnu-tools-for-stm32.14.3.rel1.win32_1.0.100.202602081740/tools/bin/../lib/gcc/arm-none-eabi/14.3.1/../../../../arm-none-eabi/lib/thumb/v7e-m+fp/hard\libc_nano.a(libc_a-memcpy-stub.o)
 .ARM.attributes
                0x0000075f       0x17 D:/ST/STM32CubeIDE_2.1.1/STM32CubeIDE/plugins/com.st.stm32cube.ide.mcu.externaltools.gnu-tools-for-stm32.14.3.rel1.win32_1.0.100.202602081740/tools/bin/../lib/gcc/arm-none-eabi/14.3.1/../../../../arm-none-eabi/lib/thumb/v7e-m+fp/hard\libc_nano.a(libc_a-strlen.o)
 .ARM.attributes
                0x00000776       0x34 D:/ST/STM32CubeIDE_2.1.1/STM32CubeIDE/plugins/com.st.stm32cube.ide.mcu.externaltools.gnu-tools-for-stm32.14.3.rel1.win32_1.0.100.202602081740/tools/bin/../lib/gcc/arm-none-eabi/14.3.1/../../../../arm-none-eabi/lib/thumb/v7e-m+fp/hard\libc_nano.a(libc_a-freer.o)
 .ARM.attributes
                0x000007aa       0x34 D:/ST/STM32CubeIDE_2.1.1/STM32CubeIDE/plugins/com.st.stm32cube.ide.mcu.externaltools.gnu-tools-for-stm32.14.3.rel1.win32_1.0.100.202602081740/tools/bin/../lib/gcc/arm-none-eabi/14.3.1/../../../../arm-none-eabi/lib/thumb/v7e-m+fp/hard\libc_nano.a(libc_a-mallocr.o)
 .ARM.attributes
                0x000007de       0x34 D:/ST/STM32CubeIDE_2.1.1/STM32CubeIDE/plugins/com.st.stm32cube.ide.mcu.externaltools.gnu-tools-for-stm32.14.3.rel1.win32_1.0.100.202602081740/tools/bin/../lib/gcc/arm-none-eabi/14.3.1/../../../../arm-none-eabi/lib/thumb/v7e-m+fp/hard\libc_nano.a(libc_a-mlock.o)
 .ARM.attributes
                0x00000812       0x34 D:/ST/STM32CubeIDE_2.1.1/STM32CubeIDE/plugins/com.st.stm32cube.ide.mcu.externaltools.gnu-tools-for-stm32.14.3.rel1.win32_1.0.100.202602081740/tools/bin/../lib/gcc/arm-none-eabi/14.3.1/../../../../arm-none-eabi/lib/thumb/v7e-m+fp/hard\libc_nano.a(libc_a-nano-svfprintf.o)
 .ARM.attributes
                0x00000846       0x34 D:/ST/STM32CubeIDE_2.1.1/STM32CubeIDE/plugins/com.st.stm32cube.ide.mcu.externaltools.gnu-tools-for-stm32.14.3.rel1.win32_1.0.100.202602081740/tools/bin/../lib/gcc/arm-none-eabi/14.3.1/../../../../arm-none-eabi/lib/thumb/v7e-m+fp/hard\libc_nano.a(libc_a-nano-vfprintf_i.o)
 .ARM.attributes
                0x0000087a       0x34 D:/ST/STM32CubeIDE_2.1.1/STM32CubeIDE/plugins/com.st.stm32cube.ide.mcu.externaltools.gnu-tools-for-stm32.14.3.rel1.win32_1.0.100.202602081740/tools/bin/../lib/gcc/arm-none-eabi/14.3.1/../../../../arm-none-eabi/lib/thumb/v7e-m+fp/hard\libc_nano.a(libc_a-memmove.o)
 .ARM.attributes
                0x000008ae       0x34 D:/ST/STM32CubeIDE_2.1.1/STM32CubeIDE/plugins/com.st.stm32cube.ide.mcu.externaltools.gnu-tools-for-stm32.14.3.rel1.win32_1.0.100.202602081740/tools/bin/../lib/gcc/arm-none-eabi/14.3.1/../../../../arm-none-eabi/lib/thumb/v7e-m+fp/hard\libc_nano.a(libc_a-sbrkr.o)
 .ARM.attributes
                0x000008e2       0x1c D:/ST/STM32CubeIDE_2.1.1/STM32CubeIDE/plugins/com.st.stm32cube.ide.mcu.externaltools.gnu-tools-for-stm32.14.3.rel1.win32_1.0.100.202602081740/tools/bin/../lib/gcc/arm-none-eabi/14.3.1/../../../../arm-none-eabi/lib/thumb/v7e-m+fp/hard\libc_nano.a(libc_a-memchr.o)
 .ARM.attributes
                0x000008fe       0x34 D:/ST/STM32CubeIDE_2.1.1/STM32CubeIDE/plugins/com.st.stm32cube.ide.mcu.externaltools.gnu-tools-for-stm32.14.3.rel1.win32_1.0.100.202602081740/tools/bin/../lib/gcc/arm-none-eabi/14.3.1/../../../../arm-none-eabi/lib/thumb/v7e-m+fp/hard\libc_nano.a(libc_a-reallocr.o)
 .ARM.attributes
                0x00000932       0x34 D:/ST/STM32CubeIDE_2.1.1/STM32CubeIDE/plugins/com.st.stm32cube.ide.mcu.externaltools.gnu-tools-for-stm32.14.3.rel1.win32_1.0.100.202602081740/tools/bin/../lib/gcc/arm-none-eabi/14.3.1/../../../../arm-none-eabi/lib/thumb/v7e-m+fp/hard\libc_nano.a(libc_a-msizer.o)
 .ARM.attributes
                0x00000966       0x22 D:/ST/STM32CubeIDE_2.1.1/STM32CubeIDE/plugins/com.st.stm32cube.ide.mcu.externaltools.gnu-tools-for-stm32.14.3.rel1.win32_1.0.100.202602081740/tools/bin/../lib/gcc/arm-none-eabi/14.3.1/thumb/v7e-m+fp/hard\libgcc.a(_aeabi_uldivmod.o)
 .ARM.attributes
                0x00000988       0x34 D:/ST/STM32CubeIDE_2.1.1/STM32CubeIDE/plugins/com.st.stm32cube.ide.mcu.externaltools.gnu-tools-for-stm32.14.3.rel1.win32_1.0.100.202602081740/tools/bin/../lib/gcc/arm-none-eabi/14.3.1/thumb/v7e-m+fp/hard\libgcc.a(_udivmoddi4.o)
 .ARM.attributes
                0x000009bc       0x22 D:/ST/STM32CubeIDE_2.1.1/STM32CubeIDE/plugins/com.st.stm32cube.ide.mcu.externaltools.gnu-tools-for-stm32.14.3.rel1.win32_1.0.100.202602081740/tools/bin/../lib/gcc/arm-none-eabi/14.3.1/thumb/v7e-m+fp/hard\libgcc.a(_dvmd_tls.o)
 .ARM.attributes
                0x000009de       0x22 D:/ST/STM32CubeIDE_2.1.1/STM32CubeIDE/plugins/com.st.stm32cube.ide.mcu.externaltools.gnu-tools-for-stm32.14.3.rel1.win32_1.0.100.202602081740/tools/bin/../lib/gcc/arm-none-eabi/14.3.1/thumb/v7e-m+fp/hard/crtn.o
OUTPUT(odrive_v36_cube.elf elf32-littlearm)
LOAD linker stubs
LOAD D:/ST/STM32CubeIDE_2.1.1/STM32CubeIDE/plugins/com.st.stm32cube.ide.mcu.externaltools.gnu-tools-for-stm32.14.3.rel1.win32_1.0.100.202602081740/tools/bin/../lib/gcc/arm-none-eabi/14.3.1/../../../../arm-none-eabi/lib/thumb/v7e-m+fp/hard\libc.a
LOAD D:/ST/STM32CubeIDE_2.1.1/STM32CubeIDE/plugins/com.st.stm32cube.ide.mcu.externaltools.gnu-tools-for-stm32.14.3.rel1.win32_1.0.100.202602081740/tools/bin/../lib/gcc/arm-none-eabi/14.3.1/../../../../arm-none-eabi/lib/thumb/v7e-m+fp/hard\libm.a
LOAD D:/ST/STM32CubeIDE_2.1.1/STM32CubeIDE/plugins/com.st.stm32cube.ide.mcu.externaltools.gnu-tools-for-stm32.14.3.rel1.win32_1.0.100.202602081740/tools/bin/../lib/gcc/arm-none-eabi/14.3.1/thumb/v7e-m+fp/hard\libgcc.a

.debug_info     0x00000000    0x13ad4
 .debug_info    0x00000000      0xd33 ./Core/Src/adc.o
 .debug_info    0x00000d33      0x425 ./Core/Src/gpio.o
 .debug_info    0x00001158     0x181c ./Core/Src/main.o
 .debug_info    0x00002974      0x94d ./Core/Src/spi.o
 .debug_info    0x000032c1      0x269 ./Core/Src/stm32f4xx_hal_msp.o
 .debug_info    0x0000352a      0x624 ./Core/Src/stm32f4xx_it.o
 .debug_info    0x00003b4e      0x168 ./Core/Src/sysmem.o
 .debug_info    0x00003cb6      0x512 ./Core/Src/system_stm32f4xx.o
 .debug_info    0x000041c8      0xe83 ./Core/Src/tim.o
 .debug_info    0x0000504b      0x91d ./Core/Src/usart.o
 .debug_info    0x00005968       0x30 ./Core/Startup/startup_stm32f405rgtx.o
 .debug_info    0x00005998      0x932 ./Drivers/STM32F4xx_HAL_Driver/Src/stm32f4xx_hal.o
 .debug_info    0x000062ca      0xce3 ./Drivers/STM32F4xx_HAL_Driver/Src/stm32f4xx_hal_adc.o
 .debug_info    0x00006fad      0xb68 ./Drivers/STM32F4xx_HAL_Driver/Src/stm32f4xx_hal_adc_ex.o
 .debug_info    0x00007b15      0xd7a ./Drivers/STM32F4xx_HAL_Driver/Src/stm32f4xx_hal_cortex.o
 .debug_info    0x0000888f      0x6c3 ./Drivers/STM32F4xx_HAL_Driver/Src/stm32f4xx_hal_gpio.o
 .debug_info    0x00008f52      0x8c3 ./Drivers/STM32F4xx_HAL_Driver/Src/stm32f4xx_hal_rcc.o
 .debug_info    0x00009815     0x1525 ./Drivers/STM32F4xx_HAL_Driver/Src/stm32f4xx_hal_spi.o
 .debug_info    0x0000ad3a     0x299d ./Drivers/STM32F4xx_HAL_Driver/Src/stm32f4xx_hal_tim.o
 .debug_info    0x0000d6d7     0x14db ./Drivers/STM32F4xx_HAL_Driver/Src/stm32f4xx_hal_tim_ex.o
 .debug_info    0x0000ebb2     0x2f4f ./Drivers/STM32F4xx_HAL_Driver/Src/stm32f4xx_hal_uart.o
 .debug_info    0x00011b01      0x34d ./app/axis0_default_config.o
 .debug_info    0x00011e4e      0x99d ./board/board_odrive_v36.o
 .debug_info    0x000127eb      0x894 ./hal_stm32f405/hal_adc_stm32f405.o
 .debug_info    0x0001307f      0x203 ./hal_stm32f405/hal_gpio_stm32f405.o
 .debug_info    0x00013282      0x852 ./hal_stm32f405/hal_pwm_stm32f405.o

.debug_abbrev   0x00000000     0x3232
 .debug_abbrev  0x00000000      0x215 ./Core/Src/adc.o
 .debug_abbrev  0x00000215      0x152 ./Core/Src/gpio.o
 .debug_abbrev  0x00000367      0x2d9 ./Core/Src/main.o
 .debug_abbrev  0x00000640      0x1fa ./Core/Src/spi.o
 .debug_abbrev  0x0000083a       0xd8 ./Core/Src/stm32f4xx_hal_msp.o
 .debug_abbrev  0x00000912      0x17e ./Core/Src/stm32f4xx_it.o
 .debug_abbrev  0x00000a90       0xbc ./Core/Src/sysmem.o
 .debug_abbrev  0x00000b4c      0x11a ./Core/Src/system_stm32f4xx.o
 .debug_abbrev  0x00000c66      0x258 ./Core/Src/tim.o
 .debug_abbrev  0x00000ebe      0x1f9 ./Core/Src/usart.o
 .debug_abbrev  0x000010b7       0x24 ./Core/Startup/startup_stm32f405rgtx.o
 .debug_abbrev  0x000010db      0x214 ./Drivers/STM32F4xx_HAL_Driver/Src/stm32f4xx_hal.o
 .debug_abbrev  0x000012ef      0x252 ./Drivers/STM32F4xx_HAL_Driver/Src/stm32f4xx_hal_adc.o
 .debug_abbrev  0x00001541      0x270 ./Drivers/STM32F4xx_HAL_Driver/Src/stm32f4xx_hal_adc_ex.o
 .debug_abbrev  0x000017b1      0x31d ./Drivers/STM32F4xx_HAL_Driver/Src/stm32f4xx_hal_cortex.o
 .debug_abbrev  0x00001ace      0x1d4 ./Drivers/STM32F4xx_HAL_Driver/Src/stm32f4xx_hal_gpio.o
 .debug_abbrev  0x00001ca2      0x2b7 ./Drivers/STM32F4xx_HAL_Driver/Src/stm32f4xx_hal_rcc.o
 .debug_abbrev  0x00001f59      0x27a ./Drivers/STM32F4xx_HAL_Driver/Src/stm32f4xx_hal_spi.o
 .debug_abbrev  0x000021d3      0x278 ./Drivers/STM32F4xx_HAL_Driver/Src/stm32f4xx_hal_tim.o
 .debug_abbrev  0x0000244b      0x283 ./Drivers/STM32F4xx_HAL_Driver/Src/stm32f4xx_hal_tim_ex.o
 .debug_abbrev  0x000026ce      0x30e ./Drivers/STM32F4xx_HAL_Driver/Src/stm32f4xx_hal_uart.o
 .debug_abbrev  0x000029dc       0xa6 ./app/axis0_default_config.o
 .debug_abbrev  0x00002a82      0x1f5 ./board/board_odrive_v36.o
 .debug_abbrev  0x00002c77      0x21a ./hal_stm32f405/hal_adc_stm32f405.o
 .debug_abbrev  0x00002e91      0x152 ./hal_stm32f405/hal_gpio_stm32f405.o
 .debug_abbrev  0x00002fe3      0x24f ./hal_stm32f405/hal_pwm_stm32f405.o

.debug_aranges  0x00000000     0x1178
 .debug_aranges
                0x00000000       0x38 ./Core/Src/adc.o
 .debug_aranges
                0x00000038       0x20 ./Core/Src/gpio.o
 .debug_aranges
                0x00000058       0x58 ./Core/Src/main.o
 .debug_aranges
                0x000000b0       0x30 ./Core/Src/spi.o
 .debug_aranges
                0x000000e0       0x20 ./Core/Src/stm32f4xx_hal_msp.o
 .debug_aranges
                0x00000100       0x68 ./Core/Src/stm32f4xx_it.o
 .debug_aranges
                0x00000168       0x20 ./Core/Src/sysmem.o
 .debug_aranges
                0x00000188       0x28 ./Core/Src/system_stm32f4xx.o
 .debug_aranges
                0x000001b0       0x50 ./Core/Src/tim.o
 .debug_aranges
                0x00000200       0x30 ./Core/Src/usart.o
 .debug_aranges
                0x00000230       0x28 ./Core/Startup/startup_stm32f405rgtx.o
 .debug_aranges
                0x00000258       0xf0 ./Drivers/STM32F4xx_HAL_Driver/Src/stm32f4xx_hal.o
 .debug_aranges
                0x00000348       0xe8 ./Drivers/STM32F4xx_HAL_Driver/Src/stm32f4xx_hal_adc.o
 .debug_aranges
                0x00000430       0x90 ./Drivers/STM32F4xx_HAL_Driver/Src/stm32f4xx_hal_adc_ex.o
 .debug_aranges
                0x000004c0      0x130 ./Drivers/STM32F4xx_HAL_Driver/Src/stm32f4xx_hal_cortex.o
 .debug_aranges
                0x000005f0       0x58 ./Drivers/STM32F4xx_HAL_Driver/Src/stm32f4xx_hal_gpio.o
 .debug_aranges
                0x00000648       0x88 ./Drivers/STM32F4xx_HAL_Driver/Src/stm32f4xx_hal_rcc.o
 .debug_aranges
                0x000006d0      0x1d0 ./Drivers/STM32F4xx_HAL_Driver/Src/stm32f4xx_hal_spi.o
 .debug_aranges
                0x000008a0      0x3d0 ./Drivers/STM32F4xx_HAL_Driver/Src/stm32f4xx_hal_tim.o
 .debug_aranges
                0x00000c70      0x168 ./Drivers/STM32F4xx_HAL_Driver/Src/stm32f4xx_hal_tim_ex.o
 .debug_aranges
                0x00000dd8      0x208 ./Drivers/STM32F4xx_HAL_Driver/Src/stm32f4xx_hal_uart.o
 .debug_aranges
                0x00000fe0       0x20 ./app/axis0_default_config.o
 .debug_aranges
                0x00001000       0x90 ./board/board_odrive_v36.o
 .debug_aranges
                0x00001090       0x58 ./hal_stm32f405/hal_adc_stm32f405.o
 .debug_aranges
                0x000010e8       0x30 ./hal_stm32f405/hal_gpio_stm32f405.o
 .debug_aranges
                0x00001118       0x60 ./hal_stm32f405/hal_pwm_stm32f405.o

.debug_rnglists
                0x00000000      0xd7e
 .debug_rnglists
                0x00000000       0x28 ./Core/Src/adc.o
 .debug_rnglists
                0x00000028       0x14 ./Core/Src/gpio.o
 .debug_rnglists
                0x0000003c       0x40 ./Core/Src/main.o
 .debug_rnglists
                0x0000007c       0x20 ./Core/Src/spi.o
 .debug_rnglists
                0x0000009c       0x13 ./Core/Src/stm32f4xx_hal_msp.o
 .debug_rnglists
                0x000000af       0x49 ./Core/Src/stm32f4xx_it.o
 .debug_rnglists
                0x000000f8       0x13 ./Core/Src/sysmem.o
 .debug_rnglists
                0x0000010b       0x1a ./Core/Src/system_stm32f4xx.o
 .debug_rnglists
                0x00000125       0x3b ./Core/Src/tim.o
 .debug_rnglists
                0x00000160       0x20 ./Core/Src/usart.o
 .debug_rnglists
                0x00000180       0x19 ./Core/Startup/startup_stm32f405rgtx.o
 .debug_rnglists
                0x00000199       0xaf ./Drivers/STM32F4xx_HAL_Driver/Src/stm32f4xx_hal.o
 .debug_rnglists
                0x00000248       0xb5 ./Drivers/STM32F4xx_HAL_Driver/Src/stm32f4xx_hal_adc.o
 .debug_rnglists
                0x000002fd       0x71 ./Drivers/STM32F4xx_HAL_Driver/Src/stm32f4xx_hal_adc_ex.o
 .debug_rnglists
                0x0000036e       0xe0 ./Drivers/STM32F4xx_HAL_Driver/Src/stm32f4xx_hal_cortex.o
 .debug_rnglists
                0x0000044e       0x3f ./Drivers/STM32F4xx_HAL_Driver/Src/stm32f4xx_hal_gpio.o
 .debug_rnglists
                0x0000048d       0x66 ./Drivers/STM32F4xx_HAL_Driver/Src/stm32f4xx_hal_rcc.o
 .debug_rnglists
                0x000004f3      0x16f ./Drivers/STM32F4xx_HAL_Driver/Src/stm32f4xx_hal_spi.o
 .debug_rnglists
                0x00000662      0x31a ./Drivers/STM32F4xx_HAL_Driver/Src/stm32f4xx_hal_tim.o
 .debug_rnglists
                0x0000097c      0x125 ./Drivers/STM32F4xx_HAL_Driver/Src/stm32f4xx_hal_tim_ex.o
 .debug_rnglists
                0x00000aa1      0x1bc ./Drivers/STM32F4xx_HAL_Driver/Src/stm32f4xx_hal_uart.o
 .debug_rnglists
                0x00000c5d       0x14 ./app/axis0_default_config.o
 .debug_rnglists
                0x00000c71       0x6b ./board/board_odrive_v36.o
 .debug_rnglists
                0x00000cdc       0x3e ./hal_stm32f405/hal_adc_stm32f405.o
 .debug_rnglists
                0x00000d1a       0x1f ./hal_stm32f405/hal_gpio_stm32f405.o
 .debug_rnglists
                0x00000d39       0x45 ./hal_stm32f405/hal_pwm_stm32f405.o

.debug_macro    0x00000000    0x2224f
 .debug_macro   0x00000000      0x219 ./Core/Src/adc.o
 .debug_macro   0x00000219      0xad8 ./Core/Src/adc.o
 .debug_macro   0x00000cf1      0x2a7 ./Core/Src/adc.o
 .debug_macro   0x00000f98       0x2e ./Core/Src/adc.o
 .debug_macro   0x00000fc6       0x2f ./Core/Src/adc.o
 .debug_macro   0x00000ff5       0x22 ./Core/Src/adc.o
 .debug_macro   0x00001017       0x8e ./Core/Src/adc.o
 .debug_macro   0x000010a5       0x51 ./Core/Src/adc.o
 .debug_macro   0x000010f6      0x103 ./Core/Src/adc.o
 .debug_macro   0x000011f9       0x6a ./Core/Src/adc.o
 .debug_macro   0x00001263      0x1df ./Core/Src/adc.o
 .debug_macro   0x00001442       0x1c ./Core/Src/adc.o
 .debug_macro   0x0000145e       0x22 ./Core/Src/adc.o
 .debug_macro   0x00001480       0xfb ./Core/Src/adc.o
 .debug_macro   0x0000157b     0x1011 ./Core/Src/adc.o
 .debug_macro   0x0000258c      0x11f ./Core/Src/adc.o
 .debug_macro   0x000026ab    0x1427b ./Core/Src/adc.o
 .debug_macro   0x00016926       0x6d ./Core/Src/adc.o
 .debug_macro   0x00016993     0x3693 ./Core/Src/adc.o
 .debug_macro   0x0001a026      0x190 ./Core/Src/adc.o
 .debug_macro   0x0001a1b6       0x5c ./Core/Src/adc.o
 .debug_macro   0x0001a212      0x8bc ./Core/Src/adc.o
 .debug_macro   0x0001aace      0x9e9 ./Core/Src/adc.o
 .debug_macro   0x0001b4b7      0x115 ./Core/Src/adc.o
 .debug_macro   0x0001b5cc      0x130 ./Core/Src/adc.o
 .debug_macro   0x0001b6fc       0xa5 ./Core/Src/adc.o
 .debug_macro   0x0001b7a1      0x174 ./Core/Src/adc.o
 .debug_macro   0x0001b915      0x287 ./Core/Src/adc.o
 .debug_macro   0x0001bb9c       0x5f ./Core/Src/adc.o
 .debug_macro   0x0001bbfb      0x236 ./Core/Src/adc.o
 .debug_macro   0x0001be31      0xb5b ./Core/Src/adc.o
 .debug_macro   0x0001c98c      0x38b ./Core/Src/adc.o
 .debug_macro   0x0001cd17      0x176 ./Core/Src/adc.o
 .debug_macro   0x0001ce8d       0xf9 ./Core/Src/adc.o
 .debug_macro   0x0001cf86      0x12c ./Core/Src/adc.o
 .debug_macro   0x0001d0b2      0x21e ./Core/Src/adc.o
 .debug_macro   0x0001d2d0       0x2e ./Core/Src/adc.o
 .debug_macro   0x0001d2fe      0x127 ./Core/Src/adc.o
 .debug_macro   0x0001d425       0x7e ./Core/Src/adc.o
 .debug_macro   0x0001d4a3       0x89 ./Core/Src/adc.o
 .debug_macro   0x0001d52c      0x225 ./Core/Src/adc.o
 .debug_macro   0x0001d751      0x8ed ./Core/Src/adc.o
 .debug_macro   0x0001e03e       0x4d ./Core/Src/adc.o
 .debug_macro   0x0001e08b      0x2aa ./Core/Src/adc.o
 .debug_macro   0x0001e335      0x12d ./Core/Src/adc.o
 .debug_macro   0x0001e462       0x34 ./Core/Src/adc.o
 .debug_macro   0x0001e496      0x219 ./Core/Src/gpio.o
 .debug_macro   0x0001e6af      0x388 ./Core/Src/main.o
 .debug_macro   0x0001ea37       0x22 ./Core/Src/main.o
 .debug_macro   0x0001ea59       0x61 ./Core/Src/main.o
 .debug_macro   0x0001eaba       0x2a ./Core/Src/main.o
 .debug_macro   0x0001eae4       0x43 ./Core/Src/main.o
 .debug_macro   0x0001eb27       0x34 ./Core/Src/main.o
 .debug_macro   0x0001eb5b       0x16 ./Core/Src/main.o
 .debug_macro   0x0001eb71       0x3c ./Core/Src/main.o
 .debug_macro   0x0001ebad      0x364 ./Core/Src/main.o
 .debug_macro   0x0001ef11       0x10 ./Core/Src/main.o
 .debug_macro   0x0001ef21       0x16 ./Core/Src/main.o
 .debug_macro   0x0001ef37       0x4a ./Core/Src/main.o
 .debug_macro   0x0001ef81       0x34 ./Core/Src/main.o
 .debug_macro   0x0001efb5       0x10 ./Core/Src/main.o
 .debug_macro   0x0001efc5       0x58 ./Core/Src/main.o
 .debug_macro   0x0001f01d       0x8e ./Core/Src/main.o
 .debug_macro   0x0001f0ab       0x1c ./Core/Src/main.o
 .debug_macro   0x0001f0c7      0x17e ./Core/Src/main.o
 .debug_macro   0x0001f245       0x16 ./Core/Src/main.o
 .debug_macro   0x0001f25b       0x16 ./Core/Src/main.o
 .debug_macro   0x0001f271      0x146 ./Core/Src/main.o
 .debug_macro   0x0001f3b7       0x16 ./Core/Src/main.o
 .debug_macro   0x0001f3cd       0x20 ./Core/Src/main.o
 .debug_macro   0x0001f3ed       0xca ./Core/Src/main.o
 .debug_macro   0x0001f4b7       0x82 ./Core/Src/main.o
 .debug_macro   0x0001f539      0x219 ./Core/Src/spi.o
 .debug_macro   0x0001f752      0x20f ./Core/Src/stm32f4xx_hal_msp.o
 .debug_macro   0x0001f961      0x219 ./Core/Src/stm32f4xx_it.o
 .debug_macro   0x0001fb7a      0x112 ./Core/Src/sysmem.o
 .debug_macro   0x0001fc8c      0x23c ./Core/Src/sysmem.o
 .debug_macro   0x0001fec8      0x200 ./Core/Src/system_stm32f4xx.o
 .debug_macro   0x000200c8      0x219 ./Core/Src/tim.o
 .debug_macro   0x000202e1      0x219 ./Core/Src/usart.o
 .debug_macro   0x000204fa      0x260 ./Drivers/STM32F4xx_HAL_Driver/Src/stm32f4xx_hal.o
 .debug_macro   0x0002075a      0x201 ./Drivers/STM32F4xx_HAL_Driver/Src/stm32f4xx_hal_adc.o
 .debug_macro   0x0002095b      0x200 ./Drivers/STM32F4xx_HAL_Driver/Src/stm32f4xx_hal_adc_ex.o
 .debug_macro   0x00020b5b      0x200 ./Drivers/STM32F4xx_HAL_Driver/Src/stm32f4xx_hal_cortex.o
 .debug_macro   0x00020d5b      0x206 ./Drivers/STM32F4xx_HAL_Driver/Src/stm32f4xx_hal_gpio.o
 .debug_macro   0x00020f61      0x224 ./Drivers/STM32F4xx_HAL_Driver/Src/stm32f4xx_hal_rcc.o
 .debug_macro   0x00021185      0x20f ./Drivers/STM32F4xx_HAL_Driver/Src/stm32f4xx_hal_spi.o
 .debug_macro   0x00021394      0x201 ./Drivers/STM32F4xx_HAL_Driver/Src/stm32f4xx_hal_tim.o
 .debug_macro   0x00021595      0x200 ./Drivers/STM32F4xx_HAL_Driver/Src/stm32f4xx_hal_tim_ex.o
 .debug_macro   0x00021795      0x201 ./Drivers/STM32F4xx_HAL_Driver/Src/stm32f4xx_hal_uart.o
 .debug_macro   0x00021996       0x85 ./app/axis0_default_config.o
 .debug_macro   0x00021a1b       0x7c ./app/axis0_default_config.o
 .debug_macro   0x00021a97       0xa3 ./board/board_odrive_v36.o
 .debug_macro   0x00021b3a       0xc4 ./board/board_odrive_v36.o
 .debug_macro   0x00021bfe      0x213 ./hal_stm32f405/hal_adc_stm32f405.o
 .debug_macro   0x00021e11      0x22b ./hal_stm32f405/hal_gpio_stm32f405.o
 .debug_macro   0x0002203c      0x213 ./hal_stm32f405/hal_pwm_stm32f405.o

.debug_line     0x00000000    0x16838
 .debug_line    0x00000000      0x949 ./Core/Src/adc.o
 .debug_line    0x00000949      0x7d1 ./Core/Src/gpio.o
 .debug_line    0x0000111a      0xc2a ./Core/Src/main.o
 .debug_line    0x00001d44      0x81e ./Core/Src/spi.o
 .debug_line    0x00002562      0x7a8 ./Core/Src/stm32f4xx_hal_msp.o
 .debug_line    0x00002d0a      0x870 ./Core/Src/stm32f4xx_it.o
 .debug_line    0x0000357a      0x58d ./Core/Src/sysmem.o
 .debug_line    0x00003b07      0x81e ./Core/Src/system_stm32f4xx.o
 .debug_line    0x00004325      0x9a0 ./Core/Src/tim.o
 .debug_line    0x00004cc5      0x816 ./Core/Src/usart.o
 .debug_line    0x000054db       0x7a ./Core/Startup/startup_stm32f405rgtx.o
 .debug_line    0x00005555      0xa9d ./Drivers/STM32F4xx_HAL_Driver/Src/stm32f4xx_hal.o
 .debug_line    0x00005ff2     0x12b1 ./Drivers/STM32F4xx_HAL_Driver/Src/stm32f4xx_hal_adc.o
 .debug_line    0x000072a3      0xee5 ./Drivers/STM32F4xx_HAL_Driver/Src/stm32f4xx_hal_adc_ex.o
 .debug_line    0x00008188      0xd6a ./Drivers/STM32F4xx_HAL_Driver/Src/stm32f4xx_hal_cortex.o
 .debug_line    0x00008ef2      0xbef ./Drivers/STM32F4xx_HAL_Driver/Src/stm32f4xx_hal_gpio.o
 .debug_line    0x00009ae1      0xea7 ./Drivers/STM32F4xx_HAL_Driver/Src/stm32f4xx_hal_rcc.o
 .debug_line    0x0000a988     0x1d35 ./Drivers/STM32F4xx_HAL_Driver/Src/stm32f4xx_hal_spi.o
 .debug_line    0x0000c6bd     0x3815 ./Drivers/STM32F4xx_HAL_Driver/Src/stm32f4xx_hal_tim.o
 .debug_line    0x0000fed2     0x19fa ./Drivers/STM32F4xx_HAL_Driver/Src/stm32f4xx_hal_tim_ex.o
 .debug_line    0x000118cc     0x25e2 ./Drivers/STM32F4xx_HAL_Driver/Src/stm32f4xx_hal_uart.o
 .debug_line    0x00013eae      0x536 ./app/axis0_default_config.o
 .debug_line    0x000143e4      0x89b ./board/board_odrive_v36.o
 .debug_line    0x00014c7f      0x9f1 ./hal_stm32f405/hal_adc_stm32f405.o
 .debug_line    0x00015670      0x850 ./hal_stm32f405/hal_gpio_stm32f405.o
 .debug_line    0x00015ec0      0x978 ./hal_stm32f405/hal_pwm_stm32f405.o

.debug_str      0x00000000    0xd02a2
 .debug_str     0x00000000    0xd02a2 ./Core/Src/adc.o
                              0xc78ab (size before relaxing)
 .debug_str     0x000d02a2    0xc6e26 ./Core/Src/gpio.o
 .debug_str     0x000d02a2    0xcbfde ./Core/Src/main.o
 .debug_str     0x000d02a2    0xc72b2 ./Core/Src/spi.o
 .debug_str     0x000d02a2    0xc6d5b ./Core/Src/stm32f4xx_hal_msp.o
 .debug_str     0x000d02a2    0xc70f5 ./Core/Src/stm32f4xx_it.o
 .debug_str     0x000d02a2     0x7713 ./Core/Src/sysmem.o
 .debug_str     0x000d02a2    0xc6d46 ./Core/Src/system_stm32f4xx.o
 .debug_str     0x000d02a2    0xc7732 ./Core/Src/tim.o
 .debug_str     0x000d02a2    0xc72e3 ./Core/Src/usart.o
 .debug_str     0x000d02a2       0x8b ./Core/Startup/startup_stm32f405rgtx.o
 .debug_str     0x000d02a2    0xc78a9 ./Drivers/STM32F4xx_HAL_Driver/Src/stm32f4xx_hal.o
 .debug_str     0x000d02a2    0xc7333 ./Drivers/STM32F4xx_HAL_Driver/Src/stm32f4xx_hal_adc.o
 .debug_str     0x000d02a2    0xc7387 ./Drivers/STM32F4xx_HAL_Driver/Src/stm32f4xx_hal_adc_ex.o
 .debug_str     0x000d02a2    0xc7625 ./Drivers/STM32F4xx_HAL_Driver/Src/stm32f4xx_hal_cortex.o
 .debug_str     0x000d02a2    0xc6ec1 ./Drivers/STM32F4xx_HAL_Driver/Src/stm32f4xx_hal_gpio.o
 .debug_str     0x000d02a2    0xc717a ./Drivers/STM32F4xx_HAL_Driver/Src/stm32f4xx_hal_rcc.o
 .debug_str     0x000d02a2    0xc7604 ./Drivers/STM32F4xx_HAL_Driver/Src/stm32f4xx_hal_spi.o
 .debug_str     0x000d02a2    0xc80d0 ./Drivers/STM32F4xx_HAL_Driver/Src/stm32f4xx_hal_tim.o
 .debug_str     0x000d02a2    0xc78dc ./Drivers/STM32F4xx_HAL_Driver/Src/stm32f4xx_hal_tim_ex.o
 .debug_str     0x000d02a2    0xc775b ./Drivers/STM32F4xx_HAL_Driver/Src/stm32f4xx_hal_uart.o
 .debug_str     0x000d02a2     0x44de ./app/axis0_default_config.o
 .debug_str     0x000d02a2     0x4c41 ./board/board_odrive_v36.o
 .debug_str     0x000d02a2    0xc7237 ./hal_stm32f405/hal_adc_stm32f405.o
 .debug_str     0x000d02a2    0xc6d64 ./hal_stm32f405/hal_gpio_stm32f405.o
 .debug_str     0x000d02a2    0xc72b8 ./hal_stm32f405/hal_pwm_stm32f405.o

.comment        0x00000000       0x43
 .comment       0x00000000       0x43 ./Core/Src/adc.o
                                 0x44 (size before relaxing)
 .comment       0x00000043       0x44 ./Core/Src/gpio.o
 .comment       0x00000043       0x44 ./Core/Src/main.o
 .comment       0x00000043       0x44 ./Core/Src/spi.o
 .comment       0x00000043       0x44 ./Core/Src/stm32f4xx_hal_msp.o
 .comment       0x00000043       0x44 ./Core/Src/stm32f4xx_it.o
 .comment       0x00000043       0x44 ./Core/Src/sysmem.o
 .comment       0x00000043       0x44 ./Core/Src/system_stm32f4xx.o
 .comment       0x00000043       0x44 ./Core/Src/tim.o
 .comment       0x00000043       0x44 ./Core/Src/usart.o
 .comment       0x00000043       0x44 ./Drivers/STM32F4xx_HAL_Driver/Src/stm32f4xx_hal.o
 .comment       0x00000043       0x44 ./Drivers/STM32F4xx_HAL_Driver/Src/stm32f4xx_hal_adc.o
 .comment       0x00000043       0x44 ./Drivers/STM32F4xx_HAL_Driver/Src/stm32f4xx_hal_adc_ex.o
 .comment       0x00000043       0x44 ./Drivers/STM32F4xx_HAL_Driver/Src/stm32f4xx_hal_cortex.o
 .comment       0x00000043       0x44 ./Drivers/STM32F4xx_HAL_Driver/Src/stm32f4xx_hal_gpio.o
 .comment       0x00000043       0x44 ./Drivers/STM32F4xx_HAL_Driver/Src/stm32f4xx_hal_rcc.o
 .comment       0x00000043       0x44 ./Drivers/STM32F4xx_HAL_Driver/Src/stm32f4xx_hal_spi.o
 .comment       0x00000043       0x44 ./Drivers/STM32F4xx_HAL_Driver/Src/stm32f4xx_hal_tim.o
 .comment       0x00000043       0x44 ./Drivers/STM32F4xx_HAL_Driver/Src/stm32f4xx_hal_tim_ex.o
 .comment       0x00000043       0x44 ./Drivers/STM32F4xx_HAL_Driver/Src/stm32f4xx_hal_uart.o
 .comment       0x00000043       0x44 ./app/axis0_default_config.o
 .comment       0x00000043       0x44 ./board/board_odrive_v36.o
 .comment       0x00000043       0x44 ./hal_stm32f405/hal_adc_stm32f405.o
 .comment       0x00000043       0x44 ./hal_stm32f405/hal_gpio_stm32f405.o
 .comment       0x00000043       0x44 ./hal_stm32f405/hal_pwm_stm32f405.o

.debug_frame    0x00000000     0x49ac
 .debug_frame   0x00000000       0xa0 ./Core/Src/adc.o
 .debug_frame   0x000000a0       0x34 ./Core/Src/gpio.o
 .debug_frame   0x000000d4      0x130 ./Core/Src/main.o
 .debug_frame   0x00000204       0x74 ./Core/Src/spi.o
 .debug_frame   0x00000278       0x34 ./Core/Src/stm32f4xx_hal_msp.o
 .debug_frame   0x000002ac      0x114 ./Core/Src/stm32f4xx_it.o
 .debug_frame   0x000003c0       0x34 ./Core/Src/sysmem.o
 .debug_frame   0x000003f4       0x50 ./Core/Src/system_stm32f4xx.o
 .debug_frame   0x00000444      0x10c ./Core/Src/tim.o
 .debug_frame   0x00000550       0x74 ./Core/Src/usart.o
 .debug_frame   0x000005c4      0x31c ./Drivers/STM32F4xx_HAL_Driver/Src/stm32f4xx_hal.o
 .debug_frame   0x000008e0      0x3bc ./Drivers/STM32F4xx_HAL_Driver/Src/stm32f4xx_hal_adc.o
 .debug_frame   0x00000c9c      0x22c ./Drivers/STM32F4xx_HAL_Driver/Src/stm32f4xx_hal_adc_ex.o
 .debug_frame   0x00000ec8      0x4b8 ./Drivers/STM32F4xx_HAL_Driver/Src/stm32f4xx_hal_cortex.o
 .debug_frame   0x00001380      0x130 ./Drivers/STM32F4xx_HAL_Driver/Src/stm32f4xx_hal_gpio.o
 .debug_frame   0x000014b0      0x1d8 ./Drivers/STM32F4xx_HAL_Driver/Src/stm32f4xx_hal_rcc.o
 .debug_frame   0x00001688      0x7e0 ./Drivers/STM32F4xx_HAL_Driver/Src/stm32f4xx_hal_spi.o
 .debug_frame   0x00001e68     0x10f0 ./Drivers/STM32F4xx_HAL_Driver/Src/stm32f4xx_hal_tim.o
 .debug_frame   0x00002f58      0x600 ./Drivers/STM32F4xx_HAL_Driver/Src/stm32f4xx_hal_tim_ex.o
 .debug_frame   0x00003558      0x8ec ./Drivers/STM32F4xx_HAL_Driver/Src/stm32f4xx_hal_uart.o
 .debug_frame   0x00003e44       0x38 ./app/axis0_default_config.o
 .debug_frame   0x00003e7c      0x20c ./board/board_odrive_v36.o
 .debug_frame   0x00004088      0x12c ./hal_stm32f405/hal_adc_stm32f405.o
 .debug_frame   0x000041b4       0x6c ./hal_stm32f405/hal_gpio_stm32f405.o
 .debug_frame   0x00004220      0x12c ./hal_stm32f405/hal_pwm_stm32f405.o
 .debug_frame   0x0000434c      0x144 D:/ST/STM32CubeIDE_2.1.1/STM32CubeIDE/plugins/com.st.stm32cube.ide.mcu.externaltools.gnu-tools-for-stm32.14.3.rel1.win32_1.0.100.202602081740/tools/bin/../lib/gcc/arm-none-eabi/14.3.1/../../../../arm-none-eabi/lib/thumb/v7e-m+fp/hard\libc_nano.a(libc_a-findfp.o)
 .debug_frame   0x00004490       0x7c D:/ST/STM32CubeIDE_2.1.1/STM32CubeIDE/plugins/com.st.stm32cube.ide.mcu.externaltools.gnu-tools-for-stm32.14.3.rel1.win32_1.0.100.202602081740/tools/bin/../lib/gcc/arm-none-eabi/14.3.1/../../../../arm-none-eabi/lib/thumb/v7e-m+fp/hard\libc_nano.a(libc_a-snprintf.o)
 .debug_frame   0x0000450c       0x20 D:/ST/STM32CubeIDE_2.1.1/STM32CubeIDE/plugins/com.st.stm32cube.ide.mcu.externaltools.gnu-tools-for-stm32.14.3.rel1.win32_1.0.100.202602081740/tools/bin/../lib/gcc/arm-none-eabi/14.3.1/../../../../arm-none-eabi/lib/thumb/v7e-m+fp/hard\libc_nano.a(libc_a-memset.o)
 .debug_frame   0x0000452c       0x38 D:/ST/STM32CubeIDE_2.1.1/STM32CubeIDE/plugins/com.st.stm32cube.ide.mcu.externaltools.gnu-tools-for-stm32.14.3.rel1.win32_1.0.100.202602081740/tools/bin/../lib/gcc/arm-none-eabi/14.3.1/../../../../arm-none-eabi/lib/thumb/v7e-m+fp/hard\libc_nano.a(libc_a-reent.o)
 .debug_frame   0x00004564       0x20 D:/ST/STM32CubeIDE_2.1.1/STM32CubeIDE/plugins/com.st.stm32cube.ide.mcu.externaltools.gnu-tools-for-stm32.14.3.rel1.win32_1.0.100.202602081740/tools/bin/../lib/gcc/arm-none-eabi/14.3.1/../../../../arm-none-eabi/lib/thumb/v7e-m+fp/hard\libc_nano.a(libc_a-errno.o)
 .debug_frame   0x00004584       0x2c D:/ST/STM32CubeIDE_2.1.1/STM32CubeIDE/plugins/com.st.stm32cube.ide.mcu.externaltools.gnu-tools-for-stm32.14.3.rel1.win32_1.0.100.202602081740/tools/bin/../lib/gcc/arm-none-eabi/14.3.1/../../../../arm-none-eabi/lib/thumb/v7e-m+fp/hard\libc_nano.a(libc_a-init.o)
 .debug_frame   0x000045b0       0xb0 D:/ST/STM32CubeIDE_2.1.1/STM32CubeIDE/plugins/com.st.stm32cube.ide.mcu.externaltools.gnu-tools-for-stm32.14.3.rel1.win32_1.0.100.202602081740/tools/bin/../lib/gcc/arm-none-eabi/14.3.1/../../../../arm-none-eabi/lib/thumb/v7e-m+fp/hard\libc_nano.a(libc_a-lock.o)
 .debug_frame   0x00004660       0x28 D:/ST/STM32CubeIDE_2.1.1/STM32CubeIDE/plugins/com.st.stm32cube.ide.mcu.externaltools.gnu-tools-for-stm32.14.3.rel1.win32_1.0.100.202602081740/tools/bin/../lib/gcc/arm-none-eabi/14.3.1/../../../../arm-none-eabi/lib/thumb/v7e-m+fp/hard\libc_nano.a(libc_a-memcpy-stub.o)
 .debug_frame   0x00004688       0x20 D:/ST/STM32CubeIDE_2.1.1/STM32CubeIDE/plugins/com.st.stm32cube.ide.mcu.externaltools.gnu-tools-for-stm32.14.3.rel1.win32_1.0.100.202602081740/tools/bin/../lib/gcc/arm-none-eabi/14.3.1/../../../../arm-none-eabi/lib/thumb/v7e-m+fp/hard\libc_nano.a(libc_a-strlen.o)
 .debug_frame   0x000046a8       0x38 D:/ST/STM32CubeIDE_2.1.1/STM32CubeIDE/plugins/com.st.stm32cube.ide.mcu.externaltools.gnu-tools-for-stm32.14.3.rel1.win32_1.0.100.202602081740/tools/bin/../lib/gcc/arm-none-eabi/14.3.1/../../../../arm-none-eabi/lib/thumb/v7e-m+fp/hard\libc_nano.a(libc_a-freer.o)
 .debug_frame   0x000046e0       0x50 D:/ST/STM32CubeIDE_2.1.1/STM32CubeIDE/plugins/com.st.stm32cube.ide.mcu.externaltools.gnu-tools-for-stm32.14.3.rel1.win32_1.0.100.202602081740/tools/bin/../lib/gcc/arm-none-eabi/14.3.1/../../../../arm-none-eabi/lib/thumb/v7e-m+fp/hard\libc_nano.a(libc_a-mallocr.o)
 .debug_frame   0x00004730       0x30 D:/ST/STM32CubeIDE_2.1.1/STM32CubeIDE/plugins/com.st.stm32cube.ide.mcu.externaltools.gnu-tools-for-stm32.14.3.rel1.win32_1.0.100.202602081740/tools/bin/../lib/gcc/arm-none-eabi/14.3.1/../../../../arm-none-eabi/lib/thumb/v7e-m+fp/hard\libc_nano.a(libc_a-mlock.o)
 .debug_frame   0x00004760       0x90 D:/ST/STM32CubeIDE_2.1.1/STM32CubeIDE/plugins/com.st.stm32cube.ide.mcu.externaltools.gnu-tools-for-stm32.14.3.rel1.win32_1.0.100.202602081740/tools/bin/../lib/gcc/arm-none-eabi/14.3.1/../../../../arm-none-eabi/lib/thumb/v7e-m+fp/hard\libc_nano.a(libc_a-nano-svfprintf.o)
 .debug_frame   0x000047f0       0x60 D:/ST/STM32CubeIDE_2.1.1/STM32CubeIDE/plugins/com.st.stm32cube.ide.mcu.externaltools.gnu-tools-for-stm32.14.3.rel1.win32_1.0.100.202602081740/tools/bin/../lib/gcc/arm-none-eabi/14.3.1/../../../../arm-none-eabi/lib/thumb/v7e-m+fp/hard\libc_nano.a(libc_a-nano-vfprintf_i.o)
 .debug_frame   0x00004850       0x28 D:/ST/STM32CubeIDE_2.1.1/STM32CubeIDE/plugins/com.st.stm32cube.ide.mcu.externaltools.gnu-tools-for-stm32.14.3.rel1.win32_1.0.100.202602081740/tools/bin/../lib/gcc/arm-none-eabi/14.3.1/../../../../arm-none-eabi/lib/thumb/v7e-m+fp/hard\libc_nano.a(libc_a-memmove.o)
 .debug_frame   0x00004878       0x2c D:/ST/STM32CubeIDE_2.1.1/STM32CubeIDE/plugins/com.st.stm32cube.ide.mcu.externaltools.gnu-tools-for-stm32.14.3.rel1.win32_1.0.100.202602081740/tools/bin/../lib/gcc/arm-none-eabi/14.3.1/../../../../arm-none-eabi/lib/thumb/v7e-m+fp/hard\libc_nano.a(libc_a-sbrkr.o)
 .debug_frame   0x000048a4       0x4c D:/ST/STM32CubeIDE_2.1.1/STM32CubeIDE/plugins/com.st.stm32cube.ide.mcu.externaltools.gnu-tools-for-stm32.14.3.rel1.win32_1.0.100.202602081740/tools/bin/../lib/gcc/arm-none-eabi/14.3.1/../../../../arm-none-eabi/lib/thumb/v7e-m+fp/hard\libc_nano.a(libc_a-memchr.o)
 .debug_frame   0x000048f0       0x3c D:/ST/STM32CubeIDE_2.1.1/STM32CubeIDE/plugins/com.st.stm32cube.ide.mcu.externaltools.gnu-tools-for-stm32.14.3.rel1.win32_1.0.100.202602081740/tools/bin/../lib/gcc/arm-none-eabi/14.3.1/../../../../arm-none-eabi/lib/thumb/v7e-m+fp/hard\libc_nano.a(libc_a-reallocr.o)
 .debug_frame   0x0000492c       0x20 D:/ST/STM32CubeIDE_2.1.1/STM32CubeIDE/plugins/com.st.stm32cube.ide.mcu.externaltools.gnu-tools-for-stm32.14.3.rel1.win32_1.0.100.202602081740/tools/bin/../lib/gcc/arm-none-eabi/14.3.1/../../../../arm-none-eabi/lib/thumb/v7e-m+fp/hard\libc_nano.a(libc_a-msizer.o)
 .debug_frame   0x0000494c       0x2c D:/ST/STM32CubeIDE_2.1.1/STM32CubeIDE/plugins/com.st.stm32cube.ide.mcu.externaltools.gnu-tools-for-stm32.14.3.rel1.win32_1.0.100.202602081740/tools/bin/../lib/gcc/arm-none-eabi/14.3.1/thumb/v7e-m+fp/hard\libgcc.a(_aeabi_uldivmod.o)
 .debug_frame   0x00004978       0x34 D:/ST/STM32CubeIDE_2.1.1/STM32CubeIDE/plugins/com.st.stm32cube.ide.mcu.externaltools.gnu-tools-for-stm32.14.3.rel1.win32_1.0.100.202602081740/tools/bin/../lib/gcc/arm-none-eabi/14.3.1/thumb/v7e-m+fp/hard\libgcc.a(_udivmoddi4.o)

.debug_line_str
                0x00000000       0x6f
 .debug_line_str