C:/Users/Shu/Documents/GitHub/motor_set/src/drivers/drv8301.c:50:14:drv8301_gain_from_code	16	static
C:/Users/Shu/Documents/GitHub/motor_set/src/drivers/drv8301.c:60:17:drv8301_make_read	16	static
C:/Users/Shu/Documents/GitHub/motor_set/src/drivers/drv8301.c:65:17:drv8301_make_write	16	static
C:/Users/Shu/Documents/GitHub/motor_set/src/drivers/drv8301.c:70:13:drv8301_spi_transfer16	40	static
C:/Users/Shu/Documents/GitHub/motor_set/src/drivers/drv8301.c:87:13:drv8301_write_reg	24	static
C:/Users/Shu/Documents/GitHub/motor_set/src/drivers/drv8301.c:93:13:drv8301_read_reg	32	static
C:/Users/Shu/Documents/GitHub/motor_set/src/drivers/drv8301.c:112:13:drv8301_parse_status	24	static
C:/Users/Shu/Documents/GitHub/motor_set/src/drivers/drv8301.c:125:6:drv8301_init	16	static
C:/Users/Shu/Documents/GitHub/motor_set/src/drivers/drv8301.c:130:6:drv8301_init_axis	16	static
C:/Users/Shu/Documents/GitHub/motor_set/src/drivers/drv8301.c:148:6:drv8301_enable	16	static
C:/Users/Shu/Documents/GitHub/motor_set/src/drivers/drv8301.c:164:6:drv8301_disable	16	static
C:/Users/Shu/Documents/GitHub/motor_set/src/drivers/drv8301.c:178:6:drv8301_read_status	24	static
C:/Users/Shu/Documents/GitHub/motor_set/src/drivers/drv8301.c:200:6:drv8301_clear_faults	16	static
C:/Users/Shu/Documents/GitHub/motor_set/src/drivers/drv8301.c:215:6:drv8301_configure_for_6pwm	24	static
C:/Users/Shu/Documents/GitHub/motor_set/src/drivers/drv8301.c:241:6:drv8301_set_ocp_threshold	24	static
C:/Users/Shu/Documents/GitHub/motor_set/src/drivers/drv8301.c:261:6:drv8301_set_gate_current	24	static
C:/Users/Shu/Documents/GitHub/motor_set/src/drivers/drv8301.c:281:6:drv8301_set_shunt_amp_gain	24	static
C:/Users/Shu/Documents/GitHub/motor_set/src/drivers/drv8301.c:296:6:drv8301_has_fault	16	static
